TimeQuest Timing Analyzer report for Decoder2
Mon Sep 22 18:50:11 2014
Quartus II 64-Bit Version 13.1.0 Build 162 10/23/2013 SJ Web Edition


---------------------
; Table of Contents ;
---------------------
  1. Legal Notice
  2. TimeQuest Timing Analyzer Summary
  3. Parallel Compilation
  4. Clocks
  5. Slow 1200mV 85C Model Fmax Summary
  6. Timing Closure Recommendations
  7. Slow 1200mV 85C Model Setup Summary
  8. Slow 1200mV 85C Model Hold Summary
  9. Slow 1200mV 85C Model Recovery Summary
 10. Slow 1200mV 85C Model Removal Summary
 11. Slow 1200mV 85C Model Minimum Pulse Width Summary
 12. Propagation Delay
 13. Minimum Propagation Delay
 14. Slow 1200mV 85C Model Metastability Report
 15. Slow 1200mV 0C Model Fmax Summary
 16. Slow 1200mV 0C Model Setup Summary
 17. Slow 1200mV 0C Model Hold Summary
 18. Slow 1200mV 0C Model Recovery Summary
 19. Slow 1200mV 0C Model Removal Summary
 20. Slow 1200mV 0C Model Minimum Pulse Width Summary
 21. Propagation Delay
 22. Minimum Propagation Delay
 23. Slow 1200mV 0C Model Metastability Report
 24. Fast 1200mV 0C Model Setup Summary
 25. Fast 1200mV 0C Model Hold Summary
 26. Fast 1200mV 0C Model Recovery Summary
 27. Fast 1200mV 0C Model Removal Summary
 28. Fast 1200mV 0C Model Minimum Pulse Width Summary
 29. Propagation Delay
 30. Minimum Propagation Delay
 31. Fast 1200mV 0C Model Metastability Report
 32. Multicorner Timing Analysis Summary
 33. Propagation Delay
 34. Minimum Propagation Delay
 35. Board Trace Model Assignments
 36. Input Transition Times
 37. Slow Corner Signal Integrity Metrics
 38. Fast Corner Signal Integrity Metrics
 39. Clock Transfers
 40. Report TCCS
 41. Report RSKM
 42. Unconstrained Paths
 43. TimeQuest Timing Analyzer Messages



----------------
; Legal Notice ;
----------------
Copyright (C) 1991-2013 Altera Corporation
Your use of Altera Corporation's design tools, logic functions 
and other software and tools, and its AMPP partner logic 
functions, and any output files from any of the foregoing 
(including device programming or simulation files), and any 
associated documentation or information are expressly subject 
to the terms and conditions of the Altera Program License 
Subscription Agreement, Altera MegaCore Function License 
Agreement, or other applicable license agreement, including, 
without limitation, that your use is for the sole purpose of 
programming logic devices manufactured by Altera and sold by 
Altera or its authorized distributors.  Please refer to the 
applicable agreement for further details.



+-------------------------------------------------------------------------+
; TimeQuest Timing Analyzer Summary                                       ;
+--------------------+----------------------------------------------------+
; Quartus II Version ; Version 13.1.0 Build 162 10/23/2013 SJ Web Edition ;
; Revision Name      ; Decoder2                                           ;
; Device Family      ; Cyclone III                                        ;
; Device Name        ; EP3C16F484C6                                       ;
; Timing Models      ; Final                                              ;
; Delay Model        ; Combined                                           ;
; Rise/Fall Delays   ; Enabled                                            ;
+--------------------+----------------------------------------------------+


Parallel compilation was disabled, but you have multiple processors available. Enable parallel compilation to reduce compilation time.
+-------------------------------------+
; Parallel Compilation                ;
+----------------------------+--------+
; Processors                 ; Number ;
+----------------------------+--------+
; Number detected on machine ; 4      ;
; Maximum allowed            ; 1      ;
+----------------------------+--------+


----------
; Clocks ;
----------
No clocks to report.


--------------------------------------
; Slow 1200mV 85C Model Fmax Summary ;
--------------------------------------
No paths to report.


----------------------------------
; Timing Closure Recommendations ;
----------------------------------
HTML report is unavailable in plain text report export.


---------------------------------------
; Slow 1200mV 85C Model Setup Summary ;
---------------------------------------
No paths to report.


--------------------------------------
; Slow 1200mV 85C Model Hold Summary ;
--------------------------------------
No paths to report.


------------------------------------------
; Slow 1200mV 85C Model Recovery Summary ;
------------------------------------------
No paths to report.


-----------------------------------------
; Slow 1200mV 85C Model Removal Summary ;
-----------------------------------------
No paths to report.


-----------------------------------------------------
; Slow 1200mV 85C Model Minimum Pulse Width Summary ;
-----------------------------------------------------
No paths to report.


+------------------------------------------------------------+
; Propagation Delay                                          ;
+------------+-------------+-------+-------+--------+--------+
; Input Port ; Output Port ; RR    ; RF    ; FR     ; FF     ;
+------------+-------------+-------+-------+--------+--------+
; carry_in   ; D0[0]       ; 9.052 ; 9.002 ; 9.530  ; 9.489  ;
; carry_in   ; D0[1]       ; 9.582 ; 9.579 ; 10.060 ; 10.066 ;
; carry_in   ; D0[2]       ; 9.379 ; 9.336 ; 9.857  ; 9.823  ;
; carry_in   ; D0[3]       ; 9.046 ; 9.056 ; 9.530  ; 9.534  ;
; carry_in   ; D0[4]       ; 9.567 ; 9.541 ; 10.045 ; 10.019 ;
; carry_in   ; D0[5]       ; 9.383 ; 9.297 ; 9.861  ; 9.775  ;
; carry_in   ; D0[6]       ; 9.345 ; 9.279 ; 9.823  ; 9.757  ;
; carry_in   ; carry_out   ; 7.834 ;       ;        ; 8.317  ;
; carry_in   ; sum[0]      ; 7.078 ; 7.119 ; 7.512  ; 7.509  ;
; carry_in   ; sum[1]      ; 7.362 ; 7.398 ; 7.833  ; 7.860  ;
; carry_in   ; sum[2]      ; 7.838 ; 7.858 ; 8.317  ; 8.328  ;
; carry_in   ; sum[3]      ; 8.111 ; 8.160 ; 8.598  ; 8.638  ;
; input1[0]  ; D0[0]       ; 9.100 ; 9.050 ; 9.546  ; 9.505  ;
; input1[0]  ; D0[1]       ; 9.630 ; 9.627 ; 10.076 ; 10.082 ;
; input1[0]  ; D0[2]       ; 9.427 ; 9.384 ; 9.873  ; 9.839  ;
; input1[0]  ; D0[3]       ; 9.094 ; 9.104 ; 9.546  ; 9.550  ;
; input1[0]  ; D0[4]       ; 9.615 ; 9.589 ; 10.061 ; 10.035 ;
; input1[0]  ; D0[5]       ; 9.431 ; 9.345 ; 9.877  ; 9.791  ;
; input1[0]  ; D0[6]       ; 9.393 ; 9.327 ; 9.839  ; 9.773  ;
; input1[0]  ; carry_out   ; 7.882 ;       ;        ; 8.333  ;
; input1[0]  ; sum[0]      ; 7.114 ; 7.121 ; 7.504  ; 7.543  ;
; input1[0]  ; sum[1]      ; 7.410 ; 7.446 ; 7.849  ; 7.876  ;
; input1[0]  ; sum[2]      ; 7.886 ; 7.906 ; 8.333  ; 8.344  ;
; input1[0]  ; sum[3]      ; 8.159 ; 8.208 ; 8.614  ; 8.654  ;
; input1[1]  ; D0[0]       ; 8.954 ; 8.904 ; 9.438  ; 9.397  ;
; input1[1]  ; D0[1]       ; 9.484 ; 9.481 ; 9.968  ; 9.974  ;
; input1[1]  ; D0[2]       ; 9.281 ; 9.238 ; 9.765  ; 9.731  ;
; input1[1]  ; D0[3]       ; 8.948 ; 8.958 ; 9.438  ; 9.442  ;
; input1[1]  ; D0[4]       ; 9.469 ; 9.443 ; 9.953  ; 9.927  ;
; input1[1]  ; D0[5]       ; 9.285 ; 9.199 ; 9.769  ; 9.683  ;
; input1[1]  ; D0[6]       ; 9.247 ; 9.181 ; 9.731  ; 9.665  ;
; input1[1]  ; carry_out   ; 7.736 ;       ;        ; 8.225  ;
; input1[1]  ; sum[1]      ; 7.276 ; 7.347 ; 7.734  ; 7.748  ;
; input1[1]  ; sum[2]      ; 7.740 ; 7.760 ; 8.225  ; 8.236  ;
; input1[1]  ; sum[3]      ; 8.013 ; 8.062 ; 8.506  ; 8.546  ;
; input1[2]  ; D0[0]       ; 8.334 ; 8.284 ; 8.787  ; 8.746  ;
; input1[2]  ; D0[1]       ; 8.864 ; 8.861 ; 9.317  ; 9.323  ;
; input1[2]  ; D0[2]       ; 8.661 ; 8.618 ; 9.114  ; 9.080  ;
; input1[2]  ; D0[3]       ; 8.328 ; 8.338 ; 8.787  ; 8.791  ;
; input1[2]  ; D0[4]       ; 8.849 ; 8.823 ; 9.302  ; 9.276  ;
; input1[2]  ; D0[5]       ; 8.665 ; 8.579 ; 9.118  ; 9.032  ;
; input1[2]  ; D0[6]       ; 8.627 ; 8.561 ; 9.080  ; 9.014  ;
; input1[2]  ; carry_out   ; 7.116 ;       ;        ; 7.574  ;
; input1[2]  ; sum[2]      ; 7.134 ; 7.178 ; 7.564  ; 7.605  ;
; input1[2]  ; sum[3]      ; 7.393 ; 7.442 ; 7.855  ; 7.895  ;
; input1[3]  ; D0[0]       ; 8.333 ; 8.274 ; 8.747  ; 8.688  ;
; input1[3]  ; D0[1]       ; 8.863 ; 8.836 ; 9.277  ; 9.253  ;
; input1[3]  ; D0[2]       ; 8.660 ; 8.593 ; 9.074  ; 9.010  ;
; input1[3]  ; D0[3]       ; 8.327 ; 8.337 ; 8.741  ; 8.751  ;
; input1[3]  ; D0[4]       ; 8.848 ; 8.822 ; 9.262  ; 9.236  ;
; input1[3]  ; D0[5]       ; 8.664 ; 8.578 ; 9.078  ; 8.992  ;
; input1[3]  ; D0[6]       ; 8.626 ; 8.560 ; 9.040  ; 8.974  ;
; input1[3]  ; carry_out   ; 7.080 ;       ;        ; 7.518  ;
; input1[3]  ; sum[3]      ; 7.368 ; 7.441 ; 7.785  ; 7.855  ;
; input2[0]  ; D0[0]       ; 9.281 ; 9.231 ; 9.751  ; 9.710  ;
; input2[0]  ; D0[1]       ; 9.811 ; 9.808 ; 10.281 ; 10.287 ;
; input2[0]  ; D0[2]       ; 9.608 ; 9.565 ; 10.078 ; 10.044 ;
; input2[0]  ; D0[3]       ; 9.275 ; 9.285 ; 9.751  ; 9.755  ;
; input2[0]  ; D0[4]       ; 9.796 ; 9.770 ; 10.266 ; 10.240 ;
; input2[0]  ; D0[5]       ; 9.612 ; 9.526 ; 10.082 ; 9.996  ;
; input2[0]  ; D0[6]       ; 9.574 ; 9.508 ; 10.044 ; 9.978  ;
; input2[0]  ; carry_out   ; 8.063 ;       ;        ; 8.538  ;
; input2[0]  ; sum[0]      ; 7.309 ; 7.353 ; 7.744  ; 7.731  ;
; input2[0]  ; sum[1]      ; 7.591 ; 7.627 ; 8.054  ; 8.081  ;
; input2[0]  ; sum[2]      ; 8.067 ; 8.087 ; 8.538  ; 8.549  ;
; input2[0]  ; sum[3]      ; 8.340 ; 8.389 ; 8.819  ; 8.859  ;
; input2[1]  ; D0[0]       ; 8.929 ; 8.879 ; 9.410  ; 9.369  ;
; input2[1]  ; D0[1]       ; 9.459 ; 9.456 ; 9.940  ; 9.946  ;
; input2[1]  ; D0[2]       ; 9.256 ; 9.213 ; 9.737  ; 9.703  ;
; input2[1]  ; D0[3]       ; 8.923 ; 8.933 ; 9.410  ; 9.414  ;
; input2[1]  ; D0[4]       ; 9.444 ; 9.418 ; 9.925  ; 9.899  ;
; input2[1]  ; D0[5]       ; 9.260 ; 9.174 ; 9.741  ; 9.655  ;
; input2[1]  ; D0[6]       ; 9.222 ; 9.156 ; 9.703  ; 9.637  ;
; input2[1]  ; carry_out   ; 7.711 ;       ;        ; 8.197  ;
; input2[1]  ; sum[1]      ; 7.256 ; 7.324 ; 7.698  ; 7.722  ;
; input2[1]  ; sum[2]      ; 7.715 ; 7.735 ; 8.197  ; 8.208  ;
; input2[1]  ; sum[3]      ; 7.988 ; 8.037 ; 8.478  ; 8.518  ;
; input2[2]  ; D0[0]       ; 8.234 ; 8.184 ; 8.668  ; 8.627  ;
; input2[2]  ; D0[1]       ; 8.764 ; 8.761 ; 9.198  ; 9.204  ;
; input2[2]  ; D0[2]       ; 8.561 ; 8.518 ; 8.995  ; 8.961  ;
; input2[2]  ; D0[3]       ; 8.228 ; 8.238 ; 8.668  ; 8.672  ;
; input2[2]  ; D0[4]       ; 8.749 ; 8.723 ; 9.183  ; 9.157  ;
; input2[2]  ; D0[5]       ; 8.565 ; 8.479 ; 8.999  ; 8.913  ;
; input2[2]  ; D0[6]       ; 8.527 ; 8.461 ; 8.961  ; 8.895  ;
; input2[2]  ; carry_out   ; 7.016 ;       ;        ; 7.455  ;
; input2[2]  ; sum[2]      ; 7.018 ; 7.036 ; 7.411  ; 7.461  ;
; input2[2]  ; sum[3]      ; 7.293 ; 7.342 ; 7.736  ; 7.776  ;
; input2[3]  ; D0[0]       ; 8.224 ; 8.176 ; 8.667  ; 8.608  ;
; input2[3]  ; D0[1]       ; 8.754 ; 8.753 ; 9.197  ; 9.170  ;
; input2[3]  ; D0[2]       ; 8.551 ; 8.510 ; 8.994  ; 8.921  ;
; input2[3]  ; D0[3]       ; 8.218 ; 8.228 ; 8.661  ; 8.671  ;
; input2[3]  ; D0[4]       ; 8.739 ; 8.713 ; 9.182  ; 9.156  ;
; input2[3]  ; D0[5]       ; 8.555 ; 8.469 ; 8.998  ; 8.912  ;
; input2[3]  ; D0[6]       ; 8.517 ; 8.451 ; 8.960  ; 8.894  ;
; input2[3]  ; carry_out   ; 7.007 ;       ;        ; 7.454  ;
; input2[3]  ; sum[3]      ; 7.285 ; 7.332 ; 7.696  ; 7.775  ;
+------------+-------------+-------+-------+--------+--------+


+----------------------------------------------------------+
; Minimum Propagation Delay                                ;
+------------+-------------+-------+-------+-------+-------+
; Input Port ; Output Port ; RR    ; RF    ; FR    ; FF    ;
+------------+-------------+-------+-------+-------+-------+
; carry_in   ; D0[0]       ; 7.607 ; 7.602 ; 8.025 ; 8.020 ;
; carry_in   ; D0[1]       ; 8.110 ; 8.200 ; 8.528 ; 8.592 ;
; carry_in   ; D0[2]       ; 7.938 ; 7.970 ; 8.356 ; 8.362 ;
; carry_in   ; D0[3]       ; 7.665 ; 7.670 ; 8.083 ; 8.088 ;
; carry_in   ; D0[4]       ; 8.233 ; 8.157 ; 8.625 ; 8.575 ;
; carry_in   ; D0[5]       ; 7.965 ; 7.864 ; 8.383 ; 8.282 ;
; carry_in   ; D0[6]       ; 7.878 ; 7.852 ; 8.296 ; 8.270 ;
; carry_in   ; carry_out   ; 7.576 ;       ;       ; 8.012 ;
; carry_in   ; sum[0]      ; 6.844 ; 6.871 ; 7.262 ; 7.263 ;
; carry_in   ; sum[1]      ; 7.127 ; 7.160 ; 7.553 ; 7.577 ;
; carry_in   ; sum[2]      ; 7.588 ; 7.607 ; 8.022 ; 8.032 ;
; carry_in   ; sum[3]      ; 7.848 ; 7.895 ; 8.290 ; 8.328 ;
; input1[0]  ; D0[0]       ; 7.700 ; 7.695 ; 8.081 ; 8.076 ;
; input1[0]  ; D0[1]       ; 8.203 ; 8.270 ; 8.584 ; 8.682 ;
; input1[0]  ; D0[2]       ; 8.031 ; 8.040 ; 8.412 ; 8.452 ;
; input1[0]  ; D0[3]       ; 7.758 ; 7.763 ; 8.139 ; 8.144 ;
; input1[0]  ; D0[4]       ; 8.303 ; 8.250 ; 8.715 ; 8.631 ;
; input1[0]  ; D0[5]       ; 8.058 ; 7.957 ; 8.439 ; 8.338 ;
; input1[0]  ; D0[6]       ; 7.971 ; 7.945 ; 8.352 ; 8.326 ;
; input1[0]  ; carry_out   ; 7.670 ;       ;       ; 8.108 ;
; input1[0]  ; sum[0]      ; 6.937 ; 6.941 ; 7.318 ; 7.353 ;
; input1[0]  ; sum[1]      ; 7.221 ; 7.254 ; 7.649 ; 7.673 ;
; input1[0]  ; sum[2]      ; 7.682 ; 7.701 ; 8.118 ; 8.128 ;
; input1[0]  ; sum[3]      ; 7.942 ; 7.989 ; 8.386 ; 8.424 ;
; input1[1]  ; D0[0]       ; 7.711 ; 7.730 ; 8.140 ; 8.159 ;
; input1[1]  ; D0[1]       ; 8.238 ; 8.262 ; 8.667 ; 8.691 ;
; input1[1]  ; D0[2]       ; 8.098 ; 8.030 ; 8.515 ; 8.459 ;
; input1[1]  ; D0[3]       ; 7.791 ; 7.769 ; 8.220 ; 8.198 ;
; input1[1]  ; D0[4]       ; 8.251 ; 8.318 ; 8.680 ; 8.735 ;
; input1[1]  ; D0[5]       ; 8.082 ; 7.968 ; 8.511 ; 8.397 ;
; input1[1]  ; D0[6]       ; 8.008 ; 7.951 ; 8.437 ; 8.380 ;
; input1[1]  ; carry_out   ; 7.493 ;       ;       ; 7.920 ;
; input1[1]  ; sum[1]      ; 7.033 ; 7.091 ; 7.462 ; 7.508 ;
; input1[1]  ; sum[2]      ; 7.505 ; 7.524 ; 7.930 ; 7.940 ;
; input1[1]  ; sum[3]      ; 7.765 ; 7.812 ; 8.198 ; 8.236 ;
; input1[2]  ; D0[0]       ; 7.310 ; 7.330 ; 7.737 ; 7.757 ;
; input1[2]  ; D0[1]       ; 7.832 ; 7.855 ; 8.259 ; 8.282 ;
; input1[2]  ; D0[2]       ; 7.651 ; 7.630 ; 8.078 ; 8.057 ;
; input1[2]  ; D0[3]       ; 7.385 ; 7.365 ; 7.812 ; 7.792 ;
; input1[2]  ; D0[4]       ; 7.848 ; 7.840 ; 8.275 ; 8.267 ;
; input1[2]  ; D0[5]       ; 7.680 ; 7.612 ; 8.107 ; 8.002 ;
; input1[2]  ; D0[6]       ; 7.602 ; 7.549 ; 8.029 ; 7.976 ;
; input1[2]  ; carry_out   ; 6.885 ;       ;       ; 7.323 ;
; input1[2]  ; sum[2]      ; 6.900 ; 6.946 ; 7.327 ; 7.336 ;
; input1[2]  ; sum[3]      ; 7.157 ; 7.204 ; 7.601 ; 7.639 ;
; input1[3]  ; D0[0]       ; 7.916 ; 7.909 ; 8.331 ; 8.324 ;
; input1[3]  ; D0[1]       ; 8.407 ; 8.479 ; 8.822 ; 8.894 ;
; input1[3]  ; D0[2]       ; 8.310 ; 8.232 ; 8.688 ; 8.647 ;
; input1[3]  ; D0[3]       ; 8.012 ; 7.969 ; 8.420 ; 8.384 ;
; input1[3]  ; D0[4]       ; 8.427 ; 8.476 ; 8.842 ; 8.867 ;
; input1[3]  ; D0[5]       ; 8.255 ; 8.180 ; 8.670 ; 8.595 ;
; input1[3]  ; D0[6]       ; 8.178 ; 8.153 ; 8.593 ; 8.568 ;
; input1[3]  ; carry_out   ; 6.851 ;       ;       ; 7.269 ;
; input1[3]  ; sum[3]      ; 7.123 ; 7.197 ; 7.538 ; 7.575 ;
; input2[0]  ; D0[0]       ; 7.831 ; 7.826 ; 8.235 ; 8.230 ;
; input2[0]  ; D0[1]       ; 8.334 ; 8.426 ; 8.738 ; 8.802 ;
; input2[0]  ; D0[2]       ; 8.162 ; 8.196 ; 8.566 ; 8.572 ;
; input2[0]  ; D0[3]       ; 7.889 ; 7.894 ; 8.293 ; 8.298 ;
; input2[0]  ; D0[4]       ; 8.459 ; 8.381 ; 8.835 ; 8.785 ;
; input2[0]  ; D0[5]       ; 8.189 ; 8.088 ; 8.593 ; 8.492 ;
; input2[0]  ; D0[6]       ; 8.102 ; 8.076 ; 8.506 ; 8.480 ;
; input2[0]  ; carry_out   ; 7.796 ;       ;       ; 8.220 ;
; input2[0]  ; sum[0]      ; 7.068 ; 7.097 ; 7.472 ; 7.473 ;
; input2[0]  ; sum[1]      ; 7.347 ; 7.380 ; 7.761 ; 7.785 ;
; input2[0]  ; sum[2]      ; 7.808 ; 7.827 ; 8.230 ; 8.240 ;
; input2[0]  ; sum[3]      ; 8.068 ; 8.115 ; 8.498 ; 8.536 ;
; input2[1]  ; D0[0]       ; 7.689 ; 7.708 ; 8.115 ; 8.134 ;
; input2[1]  ; D0[1]       ; 8.216 ; 8.240 ; 8.642 ; 8.666 ;
; input2[1]  ; D0[2]       ; 8.073 ; 8.008 ; 8.492 ; 8.434 ;
; input2[1]  ; D0[3]       ; 7.769 ; 7.747 ; 8.195 ; 8.173 ;
; input2[1]  ; D0[4]       ; 8.229 ; 8.293 ; 8.655 ; 8.712 ;
; input2[1]  ; D0[5]       ; 8.060 ; 7.946 ; 8.486 ; 8.372 ;
; input2[1]  ; D0[6]       ; 7.986 ; 7.929 ; 8.412 ; 8.355 ;
; input2[1]  ; carry_out   ; 7.474 ;       ;       ; 7.895 ;
; input2[1]  ; sum[1]      ; 7.011 ; 7.066 ; 7.437 ; 7.485 ;
; input2[1]  ; sum[2]      ; 7.486 ; 7.505 ; 7.905 ; 7.915 ;
; input2[1]  ; sum[3]      ; 7.746 ; 7.793 ; 8.173 ; 8.211 ;
; input2[2]  ; D0[0]       ; 7.258 ; 7.278 ; 7.642 ; 7.662 ;
; input2[2]  ; D0[1]       ; 7.780 ; 7.803 ; 8.164 ; 8.187 ;
; input2[2]  ; D0[2]       ; 7.599 ; 7.578 ; 7.983 ; 7.962 ;
; input2[2]  ; D0[3]       ; 7.333 ; 7.313 ; 7.717 ; 7.697 ;
; input2[2]  ; D0[4]       ; 7.796 ; 7.788 ; 8.180 ; 8.172 ;
; input2[2]  ; D0[5]       ; 7.628 ; 7.531 ; 8.012 ; 7.946 ;
; input2[2]  ; D0[6]       ; 7.550 ; 7.497 ; 7.934 ; 7.881 ;
; input2[2]  ; carry_out   ; 6.839 ;       ;       ; 7.265 ;
; input2[2]  ; sum[2]      ; 6.848 ; 6.865 ; 7.232 ; 7.280 ;
; input2[2]  ; sum[3]      ; 7.111 ; 7.158 ; 7.543 ; 7.581 ;
; input2[3]  ; D0[0]       ; 7.896 ; 7.889 ; 8.298 ; 8.291 ;
; input2[3]  ; D0[1]       ; 8.387 ; 8.459 ; 8.789 ; 8.861 ;
; input2[3]  ; D0[2]       ; 8.261 ; 8.212 ; 8.694 ; 8.614 ;
; input2[3]  ; D0[3]       ; 7.992 ; 7.949 ; 8.394 ; 8.351 ;
; input2[3]  ; D0[4]       ; 8.407 ; 8.440 ; 8.809 ; 8.858 ;
; input2[3]  ; D0[5]       ; 8.235 ; 8.160 ; 8.637 ; 8.562 ;
; input2[3]  ; D0[6]       ; 8.158 ; 8.133 ; 8.560 ; 8.535 ;
; input2[3]  ; carry_out   ; 6.831 ;       ;       ; 7.264 ;
; input2[3]  ; sum[3]      ; 7.103 ; 7.148 ; 7.505 ; 7.581 ;
+------------+-------------+-------+-------+-------+-------+


----------------------------------------------
; Slow 1200mV 85C Model Metastability Report ;
----------------------------------------------
No synchronizer chains to report.


-------------------------------------
; Slow 1200mV 0C Model Fmax Summary ;
-------------------------------------
No paths to report.


--------------------------------------
; Slow 1200mV 0C Model Setup Summary ;
--------------------------------------
No paths to report.


-------------------------------------
; Slow 1200mV 0C Model Hold Summary ;
-------------------------------------
No paths to report.


-----------------------------------------
; Slow 1200mV 0C Model Recovery Summary ;
-----------------------------------------
No paths to report.


----------------------------------------
; Slow 1200mV 0C Model Removal Summary ;
----------------------------------------
No paths to report.


----------------------------------------------------
; Slow 1200mV 0C Model Minimum Pulse Width Summary ;
----------------------------------------------------
No paths to report.


+----------------------------------------------------------+
; Propagation Delay                                        ;
+------------+-------------+-------+-------+-------+-------+
; Input Port ; Output Port ; RR    ; RF    ; FR    ; FF    ;
+------------+-------------+-------+-------+-------+-------+
; carry_in   ; D0[0]       ; 8.293 ; 8.335 ; 8.681 ; 8.731 ;
; carry_in   ; D0[1]       ; 8.853 ; 8.793 ; 9.241 ; 9.189 ;
; carry_in   ; D0[2]       ; 8.657 ; 8.570 ; 9.045 ; 8.966 ;
; carry_in   ; D0[3]       ; 8.372 ; 8.295 ; 8.768 ; 8.683 ;
; carry_in   ; D0[4]       ; 8.842 ; 8.752 ; 9.230 ; 9.148 ;
; carry_in   ; D0[5]       ; 8.669 ; 8.525 ; 9.057 ; 8.913 ;
; carry_in   ; D0[6]       ; 8.630 ; 8.519 ; 9.018 ; 8.915 ;
; carry_in   ; carry_out   ; 7.260 ;       ;       ; 7.606 ;
; carry_in   ; sum[0]      ; 6.574 ; 6.555 ; 6.945 ; 6.890 ;
; carry_in   ; sum[1]      ; 6.836 ; 6.810 ; 7.234 ; 7.200 ;
; carry_in   ; sum[2]      ; 7.279 ; 7.251 ; 7.676 ; 7.640 ;
; carry_in   ; sum[3]      ; 7.525 ; 7.523 ; 7.921 ; 7.911 ;
; input1[0]  ; D0[0]       ; 8.341 ; 8.383 ; 8.707 ; 8.757 ;
; input1[0]  ; D0[1]       ; 8.901 ; 8.841 ; 9.267 ; 9.215 ;
; input1[0]  ; D0[2]       ; 8.705 ; 8.618 ; 9.071 ; 8.992 ;
; input1[0]  ; D0[3]       ; 8.420 ; 8.343 ; 8.794 ; 8.709 ;
; input1[0]  ; D0[4]       ; 8.890 ; 8.800 ; 9.256 ; 9.174 ;
; input1[0]  ; D0[5]       ; 8.717 ; 8.573 ; 9.083 ; 8.939 ;
; input1[0]  ; D0[6]       ; 8.678 ; 8.567 ; 9.044 ; 8.941 ;
; input1[0]  ; carry_out   ; 7.308 ;       ;       ; 7.632 ;
; input1[0]  ; sum[0]      ; 6.611 ; 6.563 ; 6.951 ; 6.932 ;
; input1[0]  ; sum[1]      ; 6.884 ; 6.858 ; 7.260 ; 7.226 ;
; input1[0]  ; sum[2]      ; 7.327 ; 7.299 ; 7.702 ; 7.666 ;
; input1[0]  ; sum[3]      ; 7.573 ; 7.571 ; 7.947 ; 7.937 ;
; input1[1]  ; D0[0]       ; 8.199 ; 8.241 ; 8.586 ; 8.636 ;
; input1[1]  ; D0[1]       ; 8.759 ; 8.699 ; 9.146 ; 9.094 ;
; input1[1]  ; D0[2]       ; 8.563 ; 8.476 ; 8.950 ; 8.871 ;
; input1[1]  ; D0[3]       ; 8.278 ; 8.201 ; 8.673 ; 8.588 ;
; input1[1]  ; D0[4]       ; 8.748 ; 8.658 ; 9.135 ; 9.053 ;
; input1[1]  ; D0[5]       ; 8.575 ; 8.431 ; 8.962 ; 8.818 ;
; input1[1]  ; D0[6]       ; 8.536 ; 8.425 ; 8.923 ; 8.820 ;
; input1[1]  ; carry_out   ; 7.166 ;       ;       ; 7.511 ;
; input1[1]  ; sum[1]      ; 6.756 ; 6.761 ; 7.130 ; 7.088 ;
; input1[1]  ; sum[2]      ; 7.185 ; 7.157 ; 7.581 ; 7.545 ;
; input1[1]  ; sum[3]      ; 7.431 ; 7.429 ; 7.826 ; 7.816 ;
; input1[2]  ; D0[0]       ; 7.632 ; 7.674 ; 8.017 ; 8.067 ;
; input1[2]  ; D0[1]       ; 8.192 ; 8.132 ; 8.577 ; 8.525 ;
; input1[2]  ; D0[2]       ; 7.996 ; 7.909 ; 8.381 ; 8.302 ;
; input1[2]  ; D0[3]       ; 7.711 ; 7.634 ; 8.104 ; 8.019 ;
; input1[2]  ; D0[4]       ; 8.181 ; 8.091 ; 8.566 ; 8.484 ;
; input1[2]  ; D0[5]       ; 8.008 ; 7.864 ; 8.393 ; 8.249 ;
; input1[2]  ; D0[6]       ; 7.969 ; 7.858 ; 8.354 ; 8.251 ;
; input1[2]  ; carry_out   ; 6.599 ;       ;       ; 6.942 ;
; input1[2]  ; sum[2]      ; 6.631 ; 6.625 ; 7.002 ; 6.992 ;
; input1[2]  ; sum[3]      ; 6.864 ; 6.862 ; 7.257 ; 7.247 ;
; input1[3]  ; D0[0]       ; 7.636 ; 7.656 ; 7.979 ; 8.003 ;
; input1[3]  ; D0[1]       ; 8.196 ; 8.114 ; 8.539 ; 8.461 ;
; input1[3]  ; D0[2]       ; 8.000 ; 7.891 ; 8.343 ; 8.238 ;
; input1[3]  ; D0[3]       ; 7.693 ; 7.638 ; 8.040 ; 7.981 ;
; input1[3]  ; D0[4]       ; 8.185 ; 8.084 ; 8.528 ; 8.427 ;
; input1[3]  ; D0[5]       ; 8.012 ; 7.868 ; 8.355 ; 8.211 ;
; input1[3]  ; D0[6]       ; 7.973 ; 7.856 ; 8.316 ; 8.199 ;
; input1[3]  ; carry_out   ; 6.572 ;       ;       ; 6.891 ;
; input1[3]  ; sum[3]      ; 6.846 ; 6.866 ; 7.193 ; 7.209 ;
; input2[0]  ; D0[0]       ; 8.498 ; 8.540 ; 8.870 ; 8.920 ;
; input2[0]  ; D0[1]       ; 9.058 ; 8.998 ; 9.430 ; 9.378 ;
; input2[0]  ; D0[2]       ; 8.862 ; 8.775 ; 9.234 ; 9.155 ;
; input2[0]  ; D0[3]       ; 8.577 ; 8.500 ; 8.957 ; 8.872 ;
; input2[0]  ; D0[4]       ; 9.047 ; 8.957 ; 9.419 ; 9.337 ;
; input2[0]  ; D0[5]       ; 8.874 ; 8.730 ; 9.246 ; 9.102 ;
; input2[0]  ; D0[6]       ; 8.835 ; 8.724 ; 9.207 ; 9.104 ;
; input2[0]  ; carry_out   ; 7.465 ;       ;       ; 7.795 ;
; input2[0]  ; sum[0]      ; 6.782 ; 6.767 ; 7.143 ; 7.081 ;
; input2[0]  ; sum[1]      ; 7.041 ; 7.015 ; 7.423 ; 7.389 ;
; input2[0]  ; sum[2]      ; 7.484 ; 7.456 ; 7.865 ; 7.829 ;
; input2[0]  ; sum[3]      ; 7.730 ; 7.728 ; 8.110 ; 8.100 ;
; input2[1]  ; D0[0]       ; 8.178 ; 8.220 ; 8.582 ; 8.632 ;
; input2[1]  ; D0[1]       ; 8.738 ; 8.678 ; 9.142 ; 9.090 ;
; input2[1]  ; D0[2]       ; 8.542 ; 8.455 ; 8.946 ; 8.867 ;
; input2[1]  ; D0[3]       ; 8.257 ; 8.180 ; 8.669 ; 8.584 ;
; input2[1]  ; D0[4]       ; 8.727 ; 8.637 ; 9.131 ; 9.049 ;
; input2[1]  ; D0[5]       ; 8.554 ; 8.410 ; 8.958 ; 8.814 ;
; input2[1]  ; D0[6]       ; 8.515 ; 8.404 ; 8.919 ; 8.816 ;
; input2[1]  ; carry_out   ; 7.145 ;       ;       ; 7.507 ;
; input2[1]  ; sum[1]      ; 6.741 ; 6.742 ; 7.119 ; 7.084 ;
; input2[1]  ; sum[2]      ; 7.164 ; 7.136 ; 7.577 ; 7.541 ;
; input2[1]  ; sum[3]      ; 7.410 ; 7.408 ; 7.822 ; 7.812 ;
; input2[2]  ; D0[0]       ; 7.543 ; 7.585 ; 7.913 ; 7.963 ;
; input2[2]  ; D0[1]       ; 8.103 ; 8.043 ; 8.473 ; 8.421 ;
; input2[2]  ; D0[2]       ; 7.907 ; 7.820 ; 8.277 ; 8.198 ;
; input2[2]  ; D0[3]       ; 7.622 ; 7.545 ; 8.000 ; 7.915 ;
; input2[2]  ; D0[4]       ; 8.092 ; 8.002 ; 8.462 ; 8.380 ;
; input2[2]  ; D0[5]       ; 7.919 ; 7.775 ; 8.289 ; 8.145 ;
; input2[2]  ; D0[6]       ; 7.880 ; 7.769 ; 8.250 ; 8.147 ;
; input2[2]  ; carry_out   ; 6.510 ;       ;       ; 6.838 ;
; input2[2]  ; sum[2]      ; 6.527 ; 6.497 ; 6.869 ; 6.868 ;
; input2[2]  ; sum[3]      ; 6.775 ; 6.773 ; 7.153 ; 7.143 ;
; input2[3]  ; D0[0]       ; 7.532 ; 7.576 ; 7.910 ; 7.925 ;
; input2[3]  ; D0[1]       ; 8.092 ; 8.034 ; 8.470 ; 8.383 ;
; input2[3]  ; D0[2]       ; 7.896 ; 7.811 ; 8.274 ; 8.160 ;
; input2[3]  ; D0[3]       ; 7.613 ; 7.534 ; 7.963 ; 7.912 ;
; input2[3]  ; D0[4]       ; 8.081 ; 7.993 ; 8.459 ; 8.358 ;
; input2[3]  ; D0[5]       ; 7.908 ; 7.764 ; 8.286 ; 8.142 ;
; input2[3]  ; D0[6]       ; 7.869 ; 7.760 ; 8.247 ; 8.130 ;
; input2[3]  ; carry_out   ; 6.502 ;       ;       ; 6.834 ;
; input2[3]  ; sum[3]      ; 6.766 ; 6.762 ; 7.115 ; 7.140 ;
+------------+-------------+-------+-------+-------+-------+


+----------------------------------------------------------+
; Minimum Propagation Delay                                ;
+------------+-------------+-------+-------+-------+-------+
; Input Port ; Output Port ; RR    ; RF    ; FR    ; FF    ;
+------------+-------------+-------+-------+-------+-------+
; carry_in   ; D0[0]       ; 6.987 ; 7.044 ; 7.347 ; 7.404 ;
; carry_in   ; D0[1]       ; 7.521 ; 7.530 ; 7.881 ; 7.862 ;
; carry_in   ; D0[2]       ; 7.349 ; 7.320 ; 7.709 ; 7.652 ;
; carry_in   ; D0[3]       ; 7.097 ; 7.043 ; 7.457 ; 7.403 ;
; carry_in   ; D0[4]       ; 7.632 ; 7.484 ; 7.964 ; 7.844 ;
; carry_in   ; D0[5]       ; 7.384 ; 7.228 ; 7.744 ; 7.588 ;
; carry_in   ; D0[6]       ; 7.302 ; 7.224 ; 7.662 ; 7.584 ;
; carry_in   ; carry_out   ; 7.033 ;       ;       ; 7.342 ;
; carry_in   ; sum[0]      ; 6.368 ; 6.345 ; 6.728 ; 6.677 ;
; carry_in   ; sum[1]      ; 6.628 ; 6.601 ; 6.988 ; 6.955 ;
; carry_in   ; sum[2]      ; 7.058 ; 7.030 ; 7.417 ; 7.383 ;
; carry_in   ; sum[3]      ; 7.293 ; 7.289 ; 7.652 ; 7.642 ;
; input1[0]  ; D0[0]       ; 7.077 ; 7.134 ; 7.408 ; 7.465 ;
; input1[0]  ; D0[1]       ; 7.611 ; 7.594 ; 7.942 ; 7.953 ;
; input1[0]  ; D0[2]       ; 7.439 ; 7.384 ; 7.770 ; 7.743 ;
; input1[0]  ; D0[3]       ; 7.187 ; 7.133 ; 7.518 ; 7.464 ;
; input1[0]  ; D0[4]       ; 7.696 ; 7.574 ; 8.055 ; 7.905 ;
; input1[0]  ; D0[5]       ; 7.474 ; 7.318 ; 7.805 ; 7.649 ;
; input1[0]  ; D0[6]       ; 7.392 ; 7.314 ; 7.723 ; 7.645 ;
; input1[0]  ; carry_out   ; 7.124 ;       ;       ; 7.438 ;
; input1[0]  ; sum[0]      ; 6.458 ; 6.409 ; 6.789 ; 6.768 ;
; input1[0]  ; sum[1]      ; 6.719 ; 6.692 ; 7.084 ; 7.051 ;
; input1[0]  ; sum[2]      ; 7.149 ; 7.121 ; 7.513 ; 7.479 ;
; input1[0]  ; sum[3]      ; 7.384 ; 7.380 ; 7.748 ; 7.738 ;
; input1[1]  ; D0[0]       ; 7.083 ; 7.167 ; 7.435 ; 7.519 ;
; input1[1]  ; D0[1]       ; 7.645 ; 7.585 ; 7.997 ; 7.937 ;
; input1[1]  ; D0[2]       ; 7.502 ; 7.373 ; 7.842 ; 7.725 ;
; input1[1]  ; D0[3]       ; 7.219 ; 7.138 ; 7.571 ; 7.490 ;
; input1[1]  ; D0[4]       ; 7.653 ; 7.640 ; 8.005 ; 7.980 ;
; input1[1]  ; D0[5]       ; 7.495 ; 7.324 ; 7.847 ; 7.676 ;
; input1[1]  ; D0[6]       ; 7.428 ; 7.319 ; 7.780 ; 7.671 ;
; input1[1]  ; carry_out   ; 6.958 ;       ;       ; 7.248 ;
; input1[1]  ; sum[1]      ; 6.542 ; 6.542 ; 6.894 ; 6.882 ;
; input1[1]  ; sum[2]      ; 6.983 ; 6.955 ; 7.323 ; 7.289 ;
; input1[1]  ; sum[3]      ; 7.218 ; 7.214 ; 7.558 ; 7.548 ;
; input1[2]  ; D0[0]       ; 6.723 ; 6.807 ; 7.092 ; 7.176 ;
; input1[2]  ; D0[1]       ; 7.280 ; 7.220 ; 7.649 ; 7.589 ;
; input1[2]  ; D0[2]       ; 7.098 ; 7.015 ; 7.467 ; 7.384 ;
; input1[2]  ; D0[3]       ; 6.854 ; 6.775 ; 7.223 ; 7.144 ;
; input1[2]  ; D0[4]       ; 7.291 ; 7.208 ; 7.660 ; 7.577 ;
; input1[2]  ; D0[5]       ; 7.135 ; 7.002 ; 7.504 ; 7.336 ;
; input1[2]  ; D0[6]       ; 7.063 ; 6.958 ; 7.432 ; 7.327 ;
; input1[2]  ; carry_out   ; 6.396 ;       ;       ; 6.722 ;
; input1[2]  ; sum[2]      ; 6.424 ; 6.424 ; 6.793 ; 6.758 ;
; input1[2]  ; sum[3]      ; 6.656 ; 6.652 ; 7.032 ; 7.022 ;
; input1[3]  ; D0[0]       ; 7.287 ; 7.343 ; 7.633 ; 7.689 ;
; input1[3]  ; D0[1]       ; 7.813 ; 7.798 ; 8.159 ; 8.132 ;
; input1[3]  ; D0[2]       ; 7.688 ; 7.573 ; 7.999 ; 7.919 ;
; input1[3]  ; D0[3]       ; 7.435 ; 7.337 ; 7.751 ; 7.683 ;
; input1[3]  ; D0[4]       ; 7.825 ; 7.793 ; 8.171 ; 8.104 ;
; input1[3]  ; D0[5]       ; 7.665 ; 7.529 ; 8.011 ; 7.866 ;
; input1[3]  ; D0[6]       ; 7.595 ; 7.519 ; 7.941 ; 7.865 ;
; input1[3]  ; carry_out   ; 6.370 ;       ;       ; 6.674 ;
; input1[3]  ; sum[3]      ; 6.630 ; 6.654 ; 6.976 ; 6.965 ;
; input2[0]  ; D0[0]       ; 7.188 ; 7.245 ; 7.528 ; 7.585 ;
; input2[0]  ; D0[1]       ; 7.722 ; 7.732 ; 8.062 ; 8.043 ;
; input2[0]  ; D0[2]       ; 7.550 ; 7.522 ; 7.890 ; 7.833 ;
; input2[0]  ; D0[3]       ; 7.298 ; 7.244 ; 7.638 ; 7.584 ;
; input2[0]  ; D0[4]       ; 7.834 ; 7.685 ; 8.145 ; 8.025 ;
; input2[0]  ; D0[5]       ; 7.585 ; 7.429 ; 7.925 ; 7.769 ;
; input2[0]  ; D0[6]       ; 7.503 ; 7.425 ; 7.843 ; 7.765 ;
; input2[0]  ; carry_out   ; 7.230 ;       ;       ; 7.521 ;
; input2[0]  ; sum[0]      ; 6.569 ; 6.547 ; 6.909 ; 6.858 ;
; input2[0]  ; sum[1]      ; 6.825 ; 6.798 ; 7.167 ; 7.134 ;
; input2[0]  ; sum[2]      ; 7.255 ; 7.227 ; 7.596 ; 7.562 ;
; input2[0]  ; sum[3]      ; 7.490 ; 7.486 ; 7.831 ; 7.821 ;
; input2[1]  ; D0[0]       ; 7.065 ; 7.149 ; 7.432 ; 7.516 ;
; input2[1]  ; D0[1]       ; 7.627 ; 7.567 ; 7.994 ; 7.934 ;
; input2[1]  ; D0[2]       ; 7.482 ; 7.355 ; 7.840 ; 7.722 ;
; input2[1]  ; D0[3]       ; 7.201 ; 7.120 ; 7.568 ; 7.487 ;
; input2[1]  ; D0[4]       ; 7.635 ; 7.620 ; 8.002 ; 7.978 ;
; input2[1]  ; D0[5]       ; 7.477 ; 7.306 ; 7.844 ; 7.673 ;
; input2[1]  ; D0[6]       ; 7.410 ; 7.301 ; 7.777 ; 7.668 ;
; input2[1]  ; carry_out   ; 6.943 ;       ;       ; 7.244 ;
; input2[1]  ; sum[1]      ; 6.524 ; 6.522 ; 6.891 ; 6.880 ;
; input2[1]  ; sum[2]      ; 6.968 ; 6.940 ; 7.319 ; 7.285 ;
; input2[1]  ; sum[3]      ; 7.203 ; 7.199 ; 7.554 ; 7.544 ;
; input2[2]  ; D0[0]       ; 6.679 ; 6.763 ; 7.013 ; 7.097 ;
; input2[2]  ; D0[1]       ; 7.236 ; 7.176 ; 7.570 ; 7.510 ;
; input2[2]  ; D0[2]       ; 7.054 ; 6.971 ; 7.388 ; 7.305 ;
; input2[2]  ; D0[3]       ; 6.810 ; 6.731 ; 7.144 ; 7.065 ;
; input2[2]  ; D0[4]       ; 7.247 ; 7.164 ; 7.581 ; 7.498 ;
; input2[2]  ; D0[5]       ; 7.091 ; 6.928 ; 7.425 ; 7.290 ;
; input2[2]  ; D0[6]       ; 7.019 ; 6.914 ; 7.353 ; 7.248 ;
; input2[2]  ; carry_out   ; 6.358 ;       ;       ; 6.676 ;
; input2[2]  ; sum[2]      ; 6.380 ; 6.350 ; 6.714 ; 6.712 ;
; input2[2]  ; sum[3]      ; 6.618 ; 6.614 ; 6.986 ; 6.976 ;
; input2[3]  ; D0[0]       ; 7.267 ; 7.323 ; 7.607 ; 7.663 ;
; input2[3]  ; D0[1]       ; 7.793 ; 7.771 ; 8.133 ; 8.118 ;
; input2[3]  ; D0[2]       ; 7.638 ; 7.553 ; 8.006 ; 7.893 ;
; input2[3]  ; D0[3]       ; 7.390 ; 7.317 ; 7.755 ; 7.657 ;
; input2[3]  ; D0[4]       ; 7.805 ; 7.743 ; 8.145 ; 8.111 ;
; input2[3]  ; D0[5]       ; 7.645 ; 7.505 ; 7.985 ; 7.849 ;
; input2[3]  ; D0[6]       ; 7.575 ; 7.499 ; 7.915 ; 7.839 ;
; input2[3]  ; carry_out   ; 6.349 ;       ;       ; 6.672 ;
; input2[3]  ; sum[3]      ; 6.610 ; 6.604 ; 6.950 ; 6.972 ;
+------------+-------------+-------+-------+-------+-------+


---------------------------------------------
; Slow 1200mV 0C Model Metastability Report ;
---------------------------------------------
No synchronizer chains to report.


--------------------------------------
; Fast 1200mV 0C Model Setup Summary ;
--------------------------------------
No paths to report.


-------------------------------------
; Fast 1200mV 0C Model Hold Summary ;
-------------------------------------
No paths to report.


-----------------------------------------
; Fast 1200mV 0C Model Recovery Summary ;
-----------------------------------------
No paths to report.


----------------------------------------
; Fast 1200mV 0C Model Removal Summary ;
----------------------------------------
No paths to report.


----------------------------------------------------
; Fast 1200mV 0C Model Minimum Pulse Width Summary ;
----------------------------------------------------
No paths to report.


+----------------------------------------------------------+
; Propagation Delay                                        ;
+------------+-------------+-------+-------+-------+-------+
; Input Port ; Output Port ; RR    ; RF    ; FR    ; FF    ;
+------------+-------------+-------+-------+-------+-------+
; carry_in   ; D0[0]       ; 5.336 ; 5.204 ; 5.951 ; 5.819 ;
; carry_in   ; D0[1]       ; 5.531 ; 5.636 ; 6.146 ; 6.251 ;
; carry_in   ; D0[2]       ; 5.430 ; 5.500 ; 6.045 ; 6.122 ;
; carry_in   ; D0[3]       ; 5.238 ; 5.336 ; 5.853 ; 5.951 ;
; carry_in   ; D0[4]       ; 5.554 ; 5.685 ; 6.169 ; 6.300 ;
; carry_in   ; D0[5]       ; 5.396 ; 5.511 ; 6.011 ; 6.126 ;
; carry_in   ; D0[6]       ; 5.416 ; 5.517 ; 6.031 ; 6.132 ;
; carry_in   ; carry_out   ; 4.555 ;       ;       ; 5.245 ;
; carry_in   ; sum[0]      ; 4.185 ; 4.308 ; 4.758 ; 4.849 ;
; carry_in   ; sum[1]      ; 4.340 ; 4.450 ; 4.933 ; 5.036 ;
; carry_in   ; sum[2]      ; 4.669 ; 4.735 ; 5.277 ; 5.336 ;
; carry_in   ; sum[3]      ; 4.812 ; 4.883 ; 5.434 ; 5.498 ;
; input1[0]  ; D0[0]       ; 5.359 ; 5.227 ; 5.962 ; 5.830 ;
; input1[0]  ; D0[1]       ; 5.554 ; 5.659 ; 6.157 ; 6.262 ;
; input1[0]  ; D0[2]       ; 5.453 ; 5.523 ; 6.056 ; 6.133 ;
; input1[0]  ; D0[3]       ; 5.261 ; 5.359 ; 5.864 ; 5.962 ;
; input1[0]  ; D0[4]       ; 5.577 ; 5.708 ; 6.180 ; 6.311 ;
; input1[0]  ; D0[5]       ; 5.419 ; 5.534 ; 6.022 ; 6.137 ;
; input1[0]  ; D0[6]       ; 5.439 ; 5.540 ; 6.042 ; 6.143 ;
; input1[0]  ; carry_out   ; 4.578 ;       ;       ; 5.256 ;
; input1[0]  ; sum[0]      ; 4.201 ; 4.307 ; 4.748 ; 4.872 ;
; input1[0]  ; sum[1]      ; 4.363 ; 4.473 ; 4.944 ; 5.047 ;
; input1[0]  ; sum[2]      ; 4.692 ; 4.758 ; 5.288 ; 5.347 ;
; input1[0]  ; sum[3]      ; 4.835 ; 4.906 ; 5.445 ; 5.509 ;
; input1[1]  ; D0[0]       ; 5.286 ; 5.154 ; 5.903 ; 5.771 ;
; input1[1]  ; D0[1]       ; 5.481 ; 5.586 ; 6.098 ; 6.203 ;
; input1[1]  ; D0[2]       ; 5.380 ; 5.450 ; 5.997 ; 6.074 ;
; input1[1]  ; D0[3]       ; 5.188 ; 5.286 ; 5.805 ; 5.903 ;
; input1[1]  ; D0[4]       ; 5.504 ; 5.635 ; 6.121 ; 6.252 ;
; input1[1]  ; D0[5]       ; 5.346 ; 5.461 ; 5.963 ; 6.078 ;
; input1[1]  ; D0[6]       ; 5.366 ; 5.467 ; 5.983 ; 6.084 ;
; input1[1]  ; carry_out   ; 4.505 ;       ;       ; 5.197 ;
; input1[1]  ; sum[1]      ; 4.294 ; 4.419 ; 4.888 ; 4.973 ;
; input1[1]  ; sum[2]      ; 4.619 ; 4.685 ; 5.229 ; 5.288 ;
; input1[1]  ; sum[3]      ; 4.762 ; 4.833 ; 5.386 ; 5.450 ;
; input1[2]  ; D0[0]       ; 4.942 ; 4.810 ; 5.518 ; 5.386 ;
; input1[2]  ; D0[1]       ; 5.137 ; 5.242 ; 5.713 ; 5.818 ;
; input1[2]  ; D0[2]       ; 5.036 ; 5.106 ; 5.612 ; 5.689 ;
; input1[2]  ; D0[3]       ; 4.844 ; 4.942 ; 5.420 ; 5.518 ;
; input1[2]  ; D0[4]       ; 5.160 ; 5.291 ; 5.736 ; 5.867 ;
; input1[2]  ; D0[5]       ; 5.002 ; 5.117 ; 5.578 ; 5.693 ;
; input1[2]  ; D0[6]       ; 5.022 ; 5.123 ; 5.598 ; 5.699 ;
; input1[2]  ; carry_out   ; 4.161 ;       ;       ; 4.812 ;
; input1[2]  ; sum[2]      ; 4.281 ; 4.357 ; 4.846 ; 4.913 ;
; input1[2]  ; sum[3]      ; 4.418 ; 4.489 ; 5.001 ; 5.065 ;
; input1[3]  ; D0[0]       ; 4.955 ; 4.823 ; 5.524 ; 5.392 ;
; input1[3]  ; D0[1]       ; 5.150 ; 5.255 ; 5.719 ; 5.824 ;
; input1[3]  ; D0[2]       ; 5.049 ; 5.109 ; 5.618 ; 5.687 ;
; input1[3]  ; D0[3]       ; 4.857 ; 4.955 ; 5.426 ; 5.524 ;
; input1[3]  ; D0[4]       ; 5.173 ; 5.304 ; 5.742 ; 5.873 ;
; input1[3]  ; D0[5]       ; 5.015 ; 5.130 ; 5.584 ; 5.699 ;
; input1[3]  ; D0[6]       ; 5.035 ; 5.136 ; 5.604 ; 5.705 ;
; input1[3]  ; carry_out   ; 4.159 ;       ;       ; 4.812 ;
; input1[3]  ; sum[3]      ; 4.421 ; 4.502 ; 4.999 ; 5.071 ;
; input2[0]  ; D0[0]       ; 5.442 ; 5.310 ; 6.076 ; 5.944 ;
; input2[0]  ; D0[1]       ; 5.637 ; 5.742 ; 6.271 ; 6.376 ;
; input2[0]  ; D0[2]       ; 5.536 ; 5.606 ; 6.170 ; 6.247 ;
; input2[0]  ; D0[3]       ; 5.344 ; 5.442 ; 5.978 ; 6.076 ;
; input2[0]  ; D0[4]       ; 5.660 ; 5.791 ; 6.294 ; 6.425 ;
; input2[0]  ; D0[5]       ; 5.502 ; 5.617 ; 6.136 ; 6.251 ;
; input2[0]  ; D0[6]       ; 5.522 ; 5.623 ; 6.156 ; 6.257 ;
; input2[0]  ; carry_out   ; 4.661 ;       ;       ; 5.370 ;
; input2[0]  ; sum[0]      ; 4.294 ; 4.418 ; 4.891 ; 4.976 ;
; input2[0]  ; sum[1]      ; 4.446 ; 4.556 ; 5.058 ; 5.161 ;
; input2[0]  ; sum[2]      ; 4.775 ; 4.841 ; 5.402 ; 5.461 ;
; input2[0]  ; sum[3]      ; 4.918 ; 4.989 ; 5.559 ; 5.623 ;
; input2[1]  ; D0[0]       ; 5.277 ; 5.145 ; 5.891 ; 5.759 ;
; input2[1]  ; D0[1]       ; 5.472 ; 5.577 ; 6.086 ; 6.191 ;
; input2[1]  ; D0[2]       ; 5.371 ; 5.441 ; 5.985 ; 6.062 ;
; input2[1]  ; D0[3]       ; 5.179 ; 5.277 ; 5.793 ; 5.891 ;
; input2[1]  ; D0[4]       ; 5.495 ; 5.626 ; 6.109 ; 6.240 ;
; input2[1]  ; D0[5]       ; 5.337 ; 5.452 ; 5.951 ; 6.066 ;
; input2[1]  ; D0[6]       ; 5.357 ; 5.458 ; 5.971 ; 6.072 ;
; input2[1]  ; carry_out   ; 4.496 ;       ;       ; 5.185 ;
; input2[1]  ; sum[1]      ; 4.286 ; 4.410 ; 4.873 ; 4.965 ;
; input2[1]  ; sum[2]      ; 4.610 ; 4.676 ; 5.217 ; 5.276 ;
; input2[1]  ; sum[3]      ; 4.753 ; 4.824 ; 5.374 ; 5.438 ;
; input2[2]  ; D0[0]       ; 4.884 ; 4.752 ; 5.452 ; 5.320 ;
; input2[2]  ; D0[1]       ; 5.079 ; 5.184 ; 5.647 ; 5.752 ;
; input2[2]  ; D0[2]       ; 4.978 ; 5.048 ; 5.546 ; 5.623 ;
; input2[2]  ; D0[3]       ; 4.786 ; 4.884 ; 5.354 ; 5.452 ;
; input2[2]  ; D0[4]       ; 5.102 ; 5.233 ; 5.670 ; 5.801 ;
; input2[2]  ; D0[5]       ; 4.944 ; 5.059 ; 5.512 ; 5.627 ;
; input2[2]  ; D0[6]       ; 4.964 ; 5.065 ; 5.532 ; 5.633 ;
; input2[2]  ; carry_out   ; 4.103 ;       ;       ; 4.746 ;
; input2[2]  ; sum[2]      ; 4.211 ; 4.274 ; 4.750 ; 4.831 ;
; input2[2]  ; sum[3]      ; 4.360 ; 4.431 ; 4.935 ; 4.999 ;
; input2[3]  ; D0[0]       ; 4.901 ; 4.769 ; 5.474 ; 5.342 ;
; input2[3]  ; D0[1]       ; 5.096 ; 5.201 ; 5.669 ; 5.774 ;
; input2[3]  ; D0[2]       ; 4.995 ; 5.068 ; 5.568 ; 5.623 ;
; input2[3]  ; D0[3]       ; 4.803 ; 4.901 ; 5.376 ; 5.474 ;
; input2[3]  ; D0[4]       ; 5.119 ; 5.250 ; 5.692 ; 5.823 ;
; input2[3]  ; D0[5]       ; 4.961 ; 5.076 ; 5.534 ; 5.649 ;
; input2[3]  ; D0[6]       ; 4.981 ; 5.082 ; 5.554 ; 5.655 ;
; input2[3]  ; carry_out   ; 4.123 ;       ;       ; 4.768 ;
; input2[3]  ; sum[3]      ; 4.380 ; 4.448 ; 4.935 ; 5.021 ;
+------------+-------------+-------+-------+-------+-------+


+----------------------------------------------------------+
; Minimum Propagation Delay                                ;
+------------+-------------+-------+-------+-------+-------+
; Input Port ; Output Port ; RR    ; RF    ; FR    ; FF    ;
+------------+-------------+-------+-------+-------+-------+
; carry_in   ; D0[0]       ; 4.528 ; 4.428 ; 5.089 ; 4.989 ;
; carry_in   ; D0[1]       ; 4.713 ; 4.894 ; 5.274 ; 5.439 ;
; carry_in   ; D0[2]       ; 4.621 ; 4.773 ; 5.182 ; 5.318 ;
; carry_in   ; D0[3]       ; 4.475 ; 4.566 ; 5.036 ; 5.127 ;
; carry_in   ; D0[4]       ; 4.822 ; 4.906 ; 5.367 ; 5.467 ;
; carry_in   ; D0[5]       ; 4.605 ; 4.709 ; 5.166 ; 5.270 ;
; carry_in   ; D0[6]       ; 4.596 ; 4.718 ; 5.157 ; 5.279 ;
; carry_in   ; carry_out   ; 4.407 ;       ;       ; 5.073 ;
; carry_in   ; sum[0]      ; 4.051 ; 4.162 ; 4.612 ; 4.707 ;
; carry_in   ; sum[1]      ; 4.204 ; 4.311 ; 4.774 ; 4.874 ;
; carry_in   ; sum[2]      ; 4.525 ; 4.588 ; 5.110 ; 5.166 ;
; carry_in   ; sum[3]      ; 4.661 ; 4.729 ; 5.262 ; 5.323 ;
; input1[0]  ; D0[0]       ; 4.575 ; 4.475 ; 5.116 ; 5.016 ;
; input1[0]  ; D0[1]       ; 4.760 ; 4.931 ; 5.301 ; 5.492 ;
; input1[0]  ; D0[2]       ; 4.668 ; 4.810 ; 5.209 ; 5.371 ;
; input1[0]  ; D0[3]       ; 4.522 ; 4.613 ; 5.063 ; 5.154 ;
; input1[0]  ; D0[4]       ; 4.859 ; 4.953 ; 5.420 ; 5.494 ;
; input1[0]  ; D0[5]       ; 4.652 ; 4.756 ; 5.193 ; 5.297 ;
; input1[0]  ; D0[6]       ; 4.643 ; 4.765 ; 5.184 ; 5.306 ;
; input1[0]  ; carry_out   ; 4.455 ;       ;       ; 5.127 ;
; input1[0]  ; sum[0]      ; 4.098 ; 4.199 ; 4.639 ; 4.760 ;
; input1[0]  ; sum[1]      ; 4.252 ; 4.359 ; 4.828 ; 4.928 ;
; input1[0]  ; sum[2]      ; 4.573 ; 4.636 ; 5.164 ; 5.220 ;
; input1[0]  ; sum[3]      ; 4.709 ; 4.777 ; 5.316 ; 5.377 ;
; input1[1]  ; D0[0]       ; 4.579 ; 4.491 ; 5.151 ; 5.063 ;
; input1[1]  ; D0[1]       ; 4.777 ; 4.911 ; 5.349 ; 5.483 ;
; input1[1]  ; D0[2]       ; 4.709 ; 4.788 ; 5.280 ; 5.360 ;
; input1[1]  ; D0[3]       ; 4.538 ; 4.617 ; 5.110 ; 5.189 ;
; input1[1]  ; D0[4]       ; 4.810 ; 4.999 ; 5.382 ; 5.570 ;
; input1[1]  ; D0[5]       ; 4.662 ; 4.760 ; 5.234 ; 5.332 ;
; input1[1]  ; D0[6]       ; 4.666 ; 4.775 ; 5.238 ; 5.347 ;
; input1[1]  ; carry_out   ; 4.363 ;       ;       ; 5.020 ;
; input1[1]  ; sum[1]      ; 4.152 ; 4.267 ; 4.724 ; 4.838 ;
; input1[1]  ; sum[2]      ; 4.481 ; 4.544 ; 5.057 ; 5.113 ;
; input1[1]  ; sum[3]      ; 4.617 ; 4.685 ; 5.209 ; 5.270 ;
; input1[2]  ; D0[0]       ; 4.354 ; 4.262 ; 4.914 ; 4.822 ;
; input1[2]  ; D0[1]       ; 4.537 ; 4.675 ; 5.097 ; 5.235 ;
; input1[2]  ; D0[2]       ; 4.447 ; 4.563 ; 5.007 ; 5.123 ;
; input1[2]  ; D0[3]       ; 4.298 ; 4.382 ; 4.858 ; 4.942 ;
; input1[2]  ; D0[4]       ; 4.578 ; 4.721 ; 5.138 ; 5.281 ;
; input1[2]  ; D0[5]       ; 4.428 ; 4.564 ; 4.988 ; 5.106 ;
; input1[2]  ; D0[6]       ; 4.426 ; 4.540 ; 4.986 ; 5.100 ;
; input1[2]  ; carry_out   ; 4.028 ;       ;       ; 4.666 ;
; input1[2]  ; sum[2]      ; 4.145 ; 4.215 ; 4.705 ; 4.757 ;
; input1[2]  ; sum[3]      ; 4.282 ; 4.350 ; 4.855 ; 4.916 ;
; input1[3]  ; D0[0]       ; 4.689 ; 4.590 ; 5.261 ; 5.162 ;
; input1[3]  ; D0[1]       ; 4.863 ; 5.023 ; 5.435 ; 5.595 ;
; input1[3]  ; D0[2]       ; 4.841 ; 4.897 ; 5.395 ; 5.469 ;
; input1[3]  ; D0[3]       ; 4.653 ; 4.716 ; 5.225 ; 5.288 ;
; input1[3]  ; D0[4]       ; 4.905 ; 5.073 ; 5.477 ; 5.645 ;
; input1[3]  ; D0[5]       ; 4.759 ; 4.877 ; 5.331 ; 5.449 ;
; input1[3]  ; D0[6]       ; 4.752 ; 4.874 ; 5.324 ; 5.446 ;
; input1[3]  ; carry_out   ; 4.026 ;       ;       ; 4.666 ;
; input1[3]  ; sum[3]      ; 4.280 ; 4.355 ; 4.852 ; 4.909 ;
; input2[0]  ; D0[0]       ; 4.632 ; 4.532 ; 5.207 ; 5.107 ;
; input2[0]  ; D0[1]       ; 4.817 ; 5.000 ; 5.392 ; 5.559 ;
; input2[0]  ; D0[2]       ; 4.725 ; 4.879 ; 5.300 ; 5.438 ;
; input2[0]  ; D0[3]       ; 4.579 ; 4.670 ; 5.154 ; 5.245 ;
; input2[0]  ; D0[4]       ; 4.928 ; 5.010 ; 5.487 ; 5.585 ;
; input2[0]  ; D0[5]       ; 4.709 ; 4.813 ; 5.284 ; 5.388 ;
; input2[0]  ; D0[6]       ; 4.700 ; 4.822 ; 5.275 ; 5.397 ;
; input2[0]  ; carry_out   ; 4.507 ;       ;       ; 5.188 ;
; input2[0]  ; sum[0]      ; 4.155 ; 4.268 ; 4.730 ; 4.827 ;
; input2[0]  ; sum[1]      ; 4.304 ; 4.411 ; 4.889 ; 4.989 ;
; input2[0]  ; sum[2]      ; 4.625 ; 4.688 ; 5.225 ; 5.281 ;
; input2[0]  ; sum[3]      ; 4.761 ; 4.829 ; 5.377 ; 5.438 ;
; input2[1]  ; D0[0]       ; 4.571 ; 4.483 ; 5.144 ; 5.056 ;
; input2[1]  ; D0[1]       ; 4.769 ; 4.903 ; 5.342 ; 5.476 ;
; input2[1]  ; D0[2]       ; 4.699 ; 4.780 ; 5.270 ; 5.353 ;
; input2[1]  ; D0[3]       ; 4.530 ; 4.609 ; 5.103 ; 5.182 ;
; input2[1]  ; D0[4]       ; 4.802 ; 4.989 ; 5.375 ; 5.560 ;
; input2[1]  ; D0[5]       ; 4.654 ; 4.752 ; 5.227 ; 5.325 ;
; input2[1]  ; D0[6]       ; 4.658 ; 4.767 ; 5.231 ; 5.340 ;
; input2[1]  ; carry_out   ; 4.356 ;       ;       ; 5.012 ;
; input2[1]  ; sum[1]      ; 4.144 ; 4.257 ; 4.717 ; 4.828 ;
; input2[1]  ; sum[2]      ; 4.474 ; 4.537 ; 5.049 ; 5.105 ;
; input2[1]  ; sum[3]      ; 4.610 ; 4.678 ; 5.201 ; 5.262 ;
; input2[2]  ; D0[0]       ; 4.322 ; 4.230 ; 4.855 ; 4.763 ;
; input2[2]  ; D0[1]       ; 4.505 ; 4.643 ; 5.038 ; 5.176 ;
; input2[2]  ; D0[2]       ; 4.415 ; 4.531 ; 4.948 ; 5.064 ;
; input2[2]  ; D0[3]       ; 4.266 ; 4.350 ; 4.799 ; 4.883 ;
; input2[2]  ; D0[4]       ; 4.546 ; 4.689 ; 5.079 ; 5.222 ;
; input2[2]  ; D0[5]       ; 4.396 ; 4.520 ; 4.929 ; 5.073 ;
; input2[2]  ; D0[6]       ; 4.394 ; 4.508 ; 4.927 ; 5.041 ;
; input2[2]  ; carry_out   ; 4.000 ;       ;       ; 4.636 ;
; input2[2]  ; sum[2]      ; 4.113 ; 4.171 ; 4.646 ; 4.724 ;
; input2[2]  ; sum[3]      ; 4.254 ; 4.322 ; 4.825 ; 4.886 ;
; input2[3]  ; D0[0]       ; 4.683 ; 4.584 ; 5.231 ; 5.132 ;
; input2[3]  ; D0[1]       ; 4.857 ; 5.017 ; 5.405 ; 5.565 ;
; input2[3]  ; D0[2]       ; 4.823 ; 4.891 ; 5.391 ; 5.439 ;
; input2[3]  ; D0[3]       ; 4.647 ; 4.710 ; 5.195 ; 5.258 ;
; input2[3]  ; D0[4]       ; 4.899 ; 5.067 ; 5.447 ; 5.615 ;
; input2[3]  ; D0[5]       ; 4.753 ; 4.871 ; 5.301 ; 5.419 ;
; input2[3]  ; D0[6]       ; 4.746 ; 4.868 ; 5.294 ; 5.416 ;
; input2[3]  ; carry_out   ; 4.020 ;       ;       ; 4.657 ;
; input2[3]  ; sum[3]      ; 4.274 ; 4.337 ; 4.822 ; 4.905 ;
+------------+-------------+-------+-------+-------+-------+


---------------------------------------------
; Fast 1200mV 0C Model Metastability Report ;
---------------------------------------------
No synchronizer chains to report.


+----------------------------------------------------------------------------+
; Multicorner Timing Analysis Summary                                        ;
+------------------+-------+------+----------+---------+---------------------+
; Clock            ; Setup ; Hold ; Recovery ; Removal ; Minimum Pulse Width ;
+------------------+-------+------+----------+---------+---------------------+
; Worst-case Slack ; N/A   ; N/A  ; N/A      ; N/A     ; N/A                 ;
; Design-wide TNS  ; 0.0   ; 0.0  ; 0.0      ; 0.0     ; 0.0                 ;
+------------------+-------+------+----------+---------+---------------------+


+------------------------------------------------------------+
; Propagation Delay                                          ;
+------------+-------------+-------+-------+--------+--------+
; Input Port ; Output Port ; RR    ; RF    ; FR     ; FF     ;
+------------+-------------+-------+-------+--------+--------+
; carry_in   ; D0[0]       ; 9.052 ; 9.002 ; 9.530  ; 9.489  ;
; carry_in   ; D0[1]       ; 9.582 ; 9.579 ; 10.060 ; 10.066 ;
; carry_in   ; D0[2]       ; 9.379 ; 9.336 ; 9.857  ; 9.823  ;
; carry_in   ; D0[3]       ; 9.046 ; 9.056 ; 9.530  ; 9.534  ;
; carry_in   ; D0[4]       ; 9.567 ; 9.541 ; 10.045 ; 10.019 ;
; carry_in   ; D0[5]       ; 9.383 ; 9.297 ; 9.861  ; 9.775  ;
; carry_in   ; D0[6]       ; 9.345 ; 9.279 ; 9.823  ; 9.757  ;
; carry_in   ; carry_out   ; 7.834 ;       ;        ; 8.317  ;
; carry_in   ; sum[0]      ; 7.078 ; 7.119 ; 7.512  ; 7.509  ;
; carry_in   ; sum[1]      ; 7.362 ; 7.398 ; 7.833  ; 7.860  ;
; carry_in   ; sum[2]      ; 7.838 ; 7.858 ; 8.317  ; 8.328  ;
; carry_in   ; sum[3]      ; 8.111 ; 8.160 ; 8.598  ; 8.638  ;
; input1[0]  ; D0[0]       ; 9.100 ; 9.050 ; 9.546  ; 9.505  ;
; input1[0]  ; D0[1]       ; 9.630 ; 9.627 ; 10.076 ; 10.082 ;
; input1[0]  ; D0[2]       ; 9.427 ; 9.384 ; 9.873  ; 9.839  ;
; input1[0]  ; D0[3]       ; 9.094 ; 9.104 ; 9.546  ; 9.550  ;
; input1[0]  ; D0[4]       ; 9.615 ; 9.589 ; 10.061 ; 10.035 ;
; input1[0]  ; D0[5]       ; 9.431 ; 9.345 ; 9.877  ; 9.791  ;
; input1[0]  ; D0[6]       ; 9.393 ; 9.327 ; 9.839  ; 9.773  ;
; input1[0]  ; carry_out   ; 7.882 ;       ;        ; 8.333  ;
; input1[0]  ; sum[0]      ; 7.114 ; 7.121 ; 7.504  ; 7.543  ;
; input1[0]  ; sum[1]      ; 7.410 ; 7.446 ; 7.849  ; 7.876  ;
; input1[0]  ; sum[2]      ; 7.886 ; 7.906 ; 8.333  ; 8.344  ;
; input1[0]  ; sum[3]      ; 8.159 ; 8.208 ; 8.614  ; 8.654  ;
; input1[1]  ; D0[0]       ; 8.954 ; 8.904 ; 9.438  ; 9.397  ;
; input1[1]  ; D0[1]       ; 9.484 ; 9.481 ; 9.968  ; 9.974  ;
; input1[1]  ; D0[2]       ; 9.281 ; 9.238 ; 9.765  ; 9.731  ;
; input1[1]  ; D0[3]       ; 8.948 ; 8.958 ; 9.438  ; 9.442  ;
; input1[1]  ; D0[4]       ; 9.469 ; 9.443 ; 9.953  ; 9.927  ;
; input1[1]  ; D0[5]       ; 9.285 ; 9.199 ; 9.769  ; 9.683  ;
; input1[1]  ; D0[6]       ; 9.247 ; 9.181 ; 9.731  ; 9.665  ;
; input1[1]  ; carry_out   ; 7.736 ;       ;        ; 8.225  ;
; input1[1]  ; sum[1]      ; 7.276 ; 7.347 ; 7.734  ; 7.748  ;
; input1[1]  ; sum[2]      ; 7.740 ; 7.760 ; 8.225  ; 8.236  ;
; input1[1]  ; sum[3]      ; 8.013 ; 8.062 ; 8.506  ; 8.546  ;
; input1[2]  ; D0[0]       ; 8.334 ; 8.284 ; 8.787  ; 8.746  ;
; input1[2]  ; D0[1]       ; 8.864 ; 8.861 ; 9.317  ; 9.323  ;
; input1[2]  ; D0[2]       ; 8.661 ; 8.618 ; 9.114  ; 9.080  ;
; input1[2]  ; D0[3]       ; 8.328 ; 8.338 ; 8.787  ; 8.791  ;
; input1[2]  ; D0[4]       ; 8.849 ; 8.823 ; 9.302  ; 9.276  ;
; input1[2]  ; D0[5]       ; 8.665 ; 8.579 ; 9.118  ; 9.032  ;
; input1[2]  ; D0[6]       ; 8.627 ; 8.561 ; 9.080  ; 9.014  ;
; input1[2]  ; carry_out   ; 7.116 ;       ;        ; 7.574  ;
; input1[2]  ; sum[2]      ; 7.134 ; 7.178 ; 7.564  ; 7.605  ;
; input1[2]  ; sum[3]      ; 7.393 ; 7.442 ; 7.855  ; 7.895  ;
; input1[3]  ; D0[0]       ; 8.333 ; 8.274 ; 8.747  ; 8.688  ;
; input1[3]  ; D0[1]       ; 8.863 ; 8.836 ; 9.277  ; 9.253  ;
; input1[3]  ; D0[2]       ; 8.660 ; 8.593 ; 9.074  ; 9.010  ;
; input1[3]  ; D0[3]       ; 8.327 ; 8.337 ; 8.741  ; 8.751  ;
; input1[3]  ; D0[4]       ; 8.848 ; 8.822 ; 9.262  ; 9.236  ;
; input1[3]  ; D0[5]       ; 8.664 ; 8.578 ; 9.078  ; 8.992  ;
; input1[3]  ; D0[6]       ; 8.626 ; 8.560 ; 9.040  ; 8.974  ;
; input1[3]  ; carry_out   ; 7.080 ;       ;        ; 7.518  ;
; input1[3]  ; sum[3]      ; 7.368 ; 7.441 ; 7.785  ; 7.855  ;
; input2[0]  ; D0[0]       ; 9.281 ; 9.231 ; 9.751  ; 9.710  ;
; input2[0]  ; D0[1]       ; 9.811 ; 9.808 ; 10.281 ; 10.287 ;
; input2[0]  ; D0[2]       ; 9.608 ; 9.565 ; 10.078 ; 10.044 ;
; input2[0]  ; D0[3]       ; 9.275 ; 9.285 ; 9.751  ; 9.755  ;
; input2[0]  ; D0[4]       ; 9.796 ; 9.770 ; 10.266 ; 10.240 ;
; input2[0]  ; D0[5]       ; 9.612 ; 9.526 ; 10.082 ; 9.996  ;
; input2[0]  ; D0[6]       ; 9.574 ; 9.508 ; 10.044 ; 9.978  ;
; input2[0]  ; carry_out   ; 8.063 ;       ;        ; 8.538  ;
; input2[0]  ; sum[0]      ; 7.309 ; 7.353 ; 7.744  ; 7.731  ;
; input2[0]  ; sum[1]      ; 7.591 ; 7.627 ; 8.054  ; 8.081  ;
; input2[0]  ; sum[2]      ; 8.067 ; 8.087 ; 8.538  ; 8.549  ;
; input2[0]  ; sum[3]      ; 8.340 ; 8.389 ; 8.819  ; 8.859  ;
; input2[1]  ; D0[0]       ; 8.929 ; 8.879 ; 9.410  ; 9.369  ;
; input2[1]  ; D0[1]       ; 9.459 ; 9.456 ; 9.940  ; 9.946  ;
; input2[1]  ; D0[2]       ; 9.256 ; 9.213 ; 9.737  ; 9.703  ;
; input2[1]  ; D0[3]       ; 8.923 ; 8.933 ; 9.410  ; 9.414  ;
; input2[1]  ; D0[4]       ; 9.444 ; 9.418 ; 9.925  ; 9.899  ;
; input2[1]  ; D0[5]       ; 9.260 ; 9.174 ; 9.741  ; 9.655  ;
; input2[1]  ; D0[6]       ; 9.222 ; 9.156 ; 9.703  ; 9.637  ;
; input2[1]  ; carry_out   ; 7.711 ;       ;        ; 8.197  ;
; input2[1]  ; sum[1]      ; 7.256 ; 7.324 ; 7.698  ; 7.722  ;
; input2[1]  ; sum[2]      ; 7.715 ; 7.735 ; 8.197  ; 8.208  ;
; input2[1]  ; sum[3]      ; 7.988 ; 8.037 ; 8.478  ; 8.518  ;
; input2[2]  ; D0[0]       ; 8.234 ; 8.184 ; 8.668  ; 8.627  ;
; input2[2]  ; D0[1]       ; 8.764 ; 8.761 ; 9.198  ; 9.204  ;
; input2[2]  ; D0[2]       ; 8.561 ; 8.518 ; 8.995  ; 8.961  ;
; input2[2]  ; D0[3]       ; 8.228 ; 8.238 ; 8.668  ; 8.672  ;
; input2[2]  ; D0[4]       ; 8.749 ; 8.723 ; 9.183  ; 9.157  ;
; input2[2]  ; D0[5]       ; 8.565 ; 8.479 ; 8.999  ; 8.913  ;
; input2[2]  ; D0[6]       ; 8.527 ; 8.461 ; 8.961  ; 8.895  ;
; input2[2]  ; carry_out   ; 7.016 ;       ;        ; 7.455  ;
; input2[2]  ; sum[2]      ; 7.018 ; 7.036 ; 7.411  ; 7.461  ;
; input2[2]  ; sum[3]      ; 7.293 ; 7.342 ; 7.736  ; 7.776  ;
; input2[3]  ; D0[0]       ; 8.224 ; 8.176 ; 8.667  ; 8.608  ;
; input2[3]  ; D0[1]       ; 8.754 ; 8.753 ; 9.197  ; 9.170  ;
; input2[3]  ; D0[2]       ; 8.551 ; 8.510 ; 8.994  ; 8.921  ;
; input2[3]  ; D0[3]       ; 8.218 ; 8.228 ; 8.661  ; 8.671  ;
; input2[3]  ; D0[4]       ; 8.739 ; 8.713 ; 9.182  ; 9.156  ;
; input2[3]  ; D0[5]       ; 8.555 ; 8.469 ; 8.998  ; 8.912  ;
; input2[3]  ; D0[6]       ; 8.517 ; 8.451 ; 8.960  ; 8.894  ;
; input2[3]  ; carry_out   ; 7.007 ;       ;        ; 7.454  ;
; input2[3]  ; sum[3]      ; 7.285 ; 7.332 ; 7.696  ; 7.775  ;
+------------+-------------+-------+-------+--------+--------+


+----------------------------------------------------------+
; Minimum Propagation Delay                                ;
+------------+-------------+-------+-------+-------+-------+
; Input Port ; Output Port ; RR    ; RF    ; FR    ; FF    ;
+------------+-------------+-------+-------+-------+-------+
; carry_in   ; D0[0]       ; 4.528 ; 4.428 ; 5.089 ; 4.989 ;
; carry_in   ; D0[1]       ; 4.713 ; 4.894 ; 5.274 ; 5.439 ;
; carry_in   ; D0[2]       ; 4.621 ; 4.773 ; 5.182 ; 5.318 ;
; carry_in   ; D0[3]       ; 4.475 ; 4.566 ; 5.036 ; 5.127 ;
; carry_in   ; D0[4]       ; 4.822 ; 4.906 ; 5.367 ; 5.467 ;
; carry_in   ; D0[5]       ; 4.605 ; 4.709 ; 5.166 ; 5.270 ;
; carry_in   ; D0[6]       ; 4.596 ; 4.718 ; 5.157 ; 5.279 ;
; carry_in   ; carry_out   ; 4.407 ;       ;       ; 5.073 ;
; carry_in   ; sum[0]      ; 4.051 ; 4.162 ; 4.612 ; 4.707 ;
; carry_in   ; sum[1]      ; 4.204 ; 4.311 ; 4.774 ; 4.874 ;
; carry_in   ; sum[2]      ; 4.525 ; 4.588 ; 5.110 ; 5.166 ;
; carry_in   ; sum[3]      ; 4.661 ; 4.729 ; 5.262 ; 5.323 ;
; input1[0]  ; D0[0]       ; 4.575 ; 4.475 ; 5.116 ; 5.016 ;
; input1[0]  ; D0[1]       ; 4.760 ; 4.931 ; 5.301 ; 5.492 ;
; input1[0]  ; D0[2]       ; 4.668 ; 4.810 ; 5.209 ; 5.371 ;
; input1[0]  ; D0[3]       ; 4.522 ; 4.613 ; 5.063 ; 5.154 ;
; input1[0]  ; D0[4]       ; 4.859 ; 4.953 ; 5.420 ; 5.494 ;
; input1[0]  ; D0[5]       ; 4.652 ; 4.756 ; 5.193 ; 5.297 ;
; input1[0]  ; D0[6]       ; 4.643 ; 4.765 ; 5.184 ; 5.306 ;
; input1[0]  ; carry_out   ; 4.455 ;       ;       ; 5.127 ;
; input1[0]  ; sum[0]      ; 4.098 ; 4.199 ; 4.639 ; 4.760 ;
; input1[0]  ; sum[1]      ; 4.252 ; 4.359 ; 4.828 ; 4.928 ;
; input1[0]  ; sum[2]      ; 4.573 ; 4.636 ; 5.164 ; 5.220 ;
; input1[0]  ; sum[3]      ; 4.709 ; 4.777 ; 5.316 ; 5.377 ;
; input1[1]  ; D0[0]       ; 4.579 ; 4.491 ; 5.151 ; 5.063 ;
; input1[1]  ; D0[1]       ; 4.777 ; 4.911 ; 5.349 ; 5.483 ;
; input1[1]  ; D0[2]       ; 4.709 ; 4.788 ; 5.280 ; 5.360 ;
; input1[1]  ; D0[3]       ; 4.538 ; 4.617 ; 5.110 ; 5.189 ;
; input1[1]  ; D0[4]       ; 4.810 ; 4.999 ; 5.382 ; 5.570 ;
; input1[1]  ; D0[5]       ; 4.662 ; 4.760 ; 5.234 ; 5.332 ;
; input1[1]  ; D0[6]       ; 4.666 ; 4.775 ; 5.238 ; 5.347 ;
; input1[1]  ; carry_out   ; 4.363 ;       ;       ; 5.020 ;
; input1[1]  ; sum[1]      ; 4.152 ; 4.267 ; 4.724 ; 4.838 ;
; input1[1]  ; sum[2]      ; 4.481 ; 4.544 ; 5.057 ; 5.113 ;
; input1[1]  ; sum[3]      ; 4.617 ; 4.685 ; 5.209 ; 5.270 ;
; input1[2]  ; D0[0]       ; 4.354 ; 4.262 ; 4.914 ; 4.822 ;
; input1[2]  ; D0[1]       ; 4.537 ; 4.675 ; 5.097 ; 5.235 ;
; input1[2]  ; D0[2]       ; 4.447 ; 4.563 ; 5.007 ; 5.123 ;
; input1[2]  ; D0[3]       ; 4.298 ; 4.382 ; 4.858 ; 4.942 ;
; input1[2]  ; D0[4]       ; 4.578 ; 4.721 ; 5.138 ; 5.281 ;
; input1[2]  ; D0[5]       ; 4.428 ; 4.564 ; 4.988 ; 5.106 ;
; input1[2]  ; D0[6]       ; 4.426 ; 4.540 ; 4.986 ; 5.100 ;
; input1[2]  ; carry_out   ; 4.028 ;       ;       ; 4.666 ;
; input1[2]  ; sum[2]      ; 4.145 ; 4.215 ; 4.705 ; 4.757 ;
; input1[2]  ; sum[3]      ; 4.282 ; 4.350 ; 4.855 ; 4.916 ;
; input1[3]  ; D0[0]       ; 4.689 ; 4.590 ; 5.261 ; 5.162 ;
; input1[3]  ; D0[1]       ; 4.863 ; 5.023 ; 5.435 ; 5.595 ;
; input1[3]  ; D0[2]       ; 4.841 ; 4.897 ; 5.395 ; 5.469 ;
; input1[3]  ; D0[3]       ; 4.653 ; 4.716 ; 5.225 ; 5.288 ;
; input1[3]  ; D0[4]       ; 4.905 ; 5.073 ; 5.477 ; 5.645 ;
; input1[3]  ; D0[5]       ; 4.759 ; 4.877 ; 5.331 ; 5.449 ;
; input1[3]  ; D0[6]       ; 4.752 ; 4.874 ; 5.324 ; 5.446 ;
; input1[3]  ; carry_out   ; 4.026 ;       ;       ; 4.666 ;
; input1[3]  ; sum[3]      ; 4.280 ; 4.355 ; 4.852 ; 4.909 ;
; input2[0]  ; D0[0]       ; 4.632 ; 4.532 ; 5.207 ; 5.107 ;
; input2[0]  ; D0[1]       ; 4.817 ; 5.000 ; 5.392 ; 5.559 ;
; input2[0]  ; D0[2]       ; 4.725 ; 4.879 ; 5.300 ; 5.438 ;
; input2[0]  ; D0[3]       ; 4.579 ; 4.670 ; 5.154 ; 5.245 ;
; input2[0]  ; D0[4]       ; 4.928 ; 5.010 ; 5.487 ; 5.585 ;
; input2[0]  ; D0[5]       ; 4.709 ; 4.813 ; 5.284 ; 5.388 ;
; input2[0]  ; D0[6]       ; 4.700 ; 4.822 ; 5.275 ; 5.397 ;
; input2[0]  ; carry_out   ; 4.507 ;       ;       ; 5.188 ;
; input2[0]  ; sum[0]      ; 4.155 ; 4.268 ; 4.730 ; 4.827 ;
; input2[0]  ; sum[1]      ; 4.304 ; 4.411 ; 4.889 ; 4.989 ;
; input2[0]  ; sum[2]      ; 4.625 ; 4.688 ; 5.225 ; 5.281 ;
; input2[0]  ; sum[3]      ; 4.761 ; 4.829 ; 5.377 ; 5.438 ;
; input2[1]  ; D0[0]       ; 4.571 ; 4.483 ; 5.144 ; 5.056 ;
; input2[1]  ; D0[1]       ; 4.769 ; 4.903 ; 5.342 ; 5.476 ;
; input2[1]  ; D0[2]       ; 4.699 ; 4.780 ; 5.270 ; 5.353 ;
; input2[1]  ; D0[3]       ; 4.530 ; 4.609 ; 5.103 ; 5.182 ;
; input2[1]  ; D0[4]       ; 4.802 ; 4.989 ; 5.375 ; 5.560 ;
; input2[1]  ; D0[5]       ; 4.654 ; 4.752 ; 5.227 ; 5.325 ;
; input2[1]  ; D0[6]       ; 4.658 ; 4.767 ; 5.231 ; 5.340 ;
; input2[1]  ; carry_out   ; 4.356 ;       ;       ; 5.012 ;
; input2[1]  ; sum[1]      ; 4.144 ; 4.257 ; 4.717 ; 4.828 ;
; input2[1]  ; sum[2]      ; 4.474 ; 4.537 ; 5.049 ; 5.105 ;
; input2[1]  ; sum[3]      ; 4.610 ; 4.678 ; 5.201 ; 5.262 ;
; input2[2]  ; D0[0]       ; 4.322 ; 4.230 ; 4.855 ; 4.763 ;
; input2[2]  ; D0[1]       ; 4.505 ; 4.643 ; 5.038 ; 5.176 ;
; input2[2]  ; D0[2]       ; 4.415 ; 4.531 ; 4.948 ; 5.064 ;
; input2[2]  ; D0[3]       ; 4.266 ; 4.350 ; 4.799 ; 4.883 ;
; input2[2]  ; D0[4]       ; 4.546 ; 4.689 ; 5.079 ; 5.222 ;
; input2[2]  ; D0[5]       ; 4.396 ; 4.520 ; 4.929 ; 5.073 ;
; input2[2]  ; D0[6]       ; 4.394 ; 4.508 ; 4.927 ; 5.041 ;
; input2[2]  ; carry_out   ; 4.000 ;       ;       ; 4.636 ;
; input2[2]  ; sum[2]      ; 4.113 ; 4.171 ; 4.646 ; 4.724 ;
; input2[2]  ; sum[3]      ; 4.254 ; 4.322 ; 4.825 ; 4.886 ;
; input2[3]  ; D0[0]       ; 4.683 ; 4.584 ; 5.231 ; 5.132 ;
; input2[3]  ; D0[1]       ; 4.857 ; 5.017 ; 5.405 ; 5.565 ;
; input2[3]  ; D0[2]       ; 4.823 ; 4.891 ; 5.391 ; 5.439 ;
; input2[3]  ; D0[3]       ; 4.647 ; 4.710 ; 5.195 ; 5.258 ;
; input2[3]  ; D0[4]       ; 4.899 ; 5.067 ; 5.447 ; 5.615 ;
; input2[3]  ; D0[5]       ; 4.753 ; 4.871 ; 5.301 ; 5.419 ;
; input2[3]  ; D0[6]       ; 4.746 ; 4.868 ; 5.294 ; 5.416 ;
; input2[3]  ; carry_out   ; 4.020 ;       ;       ; 4.657 ;
; input2[3]  ; sum[3]      ; 4.274 ; 4.337 ; 4.822 ; 4.905 ;
+------------+-------------+-------+-------+-------+-------+


+------------------------------------------------------------------------------------------------------------------------------------------------------------------------------------------------------------------------------------------------------------------------------------------------------------------------------------------------------------------------------------------------------------------+
; Board Trace Model Assignments                                                                                                                                                                                                                                                                                                                                                                                    ;
+---------------+--------------+-------------------+-------------------------+-------------------------+---------------+---------------------+----------------+------------------+--------+------------------+------------------------+------------------------+--------------+---------------+-----------------+-------+---------------------+--------------------+---------------+-----------------+-------------+
; Pin           ; I/O Standard ; Near Tline Length ; Near Tline L per Length ; Near Tline C per Length ; Near Series R ; Near Differential R ; Near Pull-up R ; Near Pull-down R ; Near C ; Far Tline Length ; Far Tline L per Length ; Far Tline C per Length ; Far Series R ; Far Pull-up R ; Far Pull-down R ; Far C ; Termination Voltage ; Far Differential R ; EBD File Name ; EBD Signal Name ; EBD Far-end ;
+---------------+--------------+-------------------+-------------------------+-------------------------+---------------+---------------------+----------------+------------------+--------+------------------+------------------------+------------------------+--------------+---------------+-----------------+-------+---------------------+--------------------+---------------+-----------------+-------------+
; sum[0]        ; 2.5 V        ; 0 in              ; 0 H/in                  ; 0 F/in                  ; short         ; -                   ; open           ; open             ; open   ; 0 in             ; 0 H/in                 ; 0 F/in                 ; short        ; open          ; open            ; open  ; 0 V                 ; -                  ; n/a           ; n/a             ; n/a         ;
; sum[1]        ; 2.5 V        ; 0 in              ; 0 H/in                  ; 0 F/in                  ; short         ; -                   ; open           ; open             ; open   ; 0 in             ; 0 H/in                 ; 0 F/in                 ; short        ; open          ; open            ; open  ; 0 V                 ; -                  ; n/a           ; n/a             ; n/a         ;
; sum[2]        ; 2.5 V        ; 0 in              ; 0 H/in                  ; 0 F/in                  ; short         ; -                   ; open           ; open             ; open   ; 0 in             ; 0 H/in                 ; 0 F/in                 ; short        ; open          ; open            ; open  ; 0 V                 ; -                  ; n/a           ; n/a             ; n/a         ;
; sum[3]        ; 2.5 V        ; 0 in              ; 0 H/in                  ; 0 F/in                  ; short         ; -                   ; open           ; open             ; open   ; 0 in             ; 0 H/in                 ; 0 F/in                 ; short        ; open          ; open            ; open  ; 0 V                 ; -                  ; n/a           ; n/a             ; n/a         ;
; carry_out     ; 2.5 V        ; 0 in              ; 0 H/in                  ; 0 F/in                  ; short         ; -                   ; open           ; open             ; open   ; 0 in             ; 0 H/in                 ; 0 F/in                 ; short        ; open          ; open            ; open  ; 0 V                 ; -                  ; n/a           ; n/a             ; n/a         ;
; D0[0]         ; 2.5 V        ; 0 in              ; 0 H/in                  ; 0 F/in                  ; short         ; -                   ; open           ; open             ; open   ; 0 in             ; 0 H/in                 ; 0 F/in                 ; short        ; open          ; open            ; open  ; 0 V                 ; -                  ; n/a           ; n/a             ; n/a         ;
; D0[1]         ; 2.5 V        ; 0 in              ; 0 H/in                  ; 0 F/in                  ; short         ; -                   ; open           ; open             ; open   ; 0 in             ; 0 H/in                 ; 0 F/in                 ; short        ; open          ; open            ; open  ; 0 V                 ; -                  ; n/a           ; n/a             ; n/a         ;
; D0[2]         ; 2.5 V        ; 0 in              ; 0 H/in                  ; 0 F/in                  ; short         ; -                   ; open           ; open             ; open   ; 0 in             ; 0 H/in                 ; 0 F/in                 ; short        ; open          ; open            ; open  ; 0 V                 ; -                  ; n/a           ; n/a             ; n/a         ;
; D0[3]         ; 2.5 V        ; 0 in              ; 0 H/in                  ; 0 F/in                  ; short         ; -                   ; open           ; open             ; open   ; 0 in             ; 0 H/in                 ; 0 F/in                 ; short        ; open          ; open            ; open  ; 0 V                 ; -                  ; n/a           ; n/a             ; n/a         ;
; D0[4]         ; 2.5 V        ; 0 in              ; 0 H/in                  ; 0 F/in                  ; short         ; -                   ; open           ; open             ; open   ; 0 in             ; 0 H/in                 ; 0 F/in                 ; short        ; open          ; open            ; open  ; 0 V                 ; -                  ; n/a           ; n/a             ; n/a         ;
; D0[5]         ; 2.5 V        ; 0 in              ; 0 H/in                  ; 0 F/in                  ; short         ; -                   ; open           ; open             ; open   ; 0 in             ; 0 H/in                 ; 0 F/in                 ; short        ; open          ; open            ; open  ; 0 V                 ; -                  ; n/a           ; n/a             ; n/a         ;
; D0[6]         ; 2.5 V        ; 0 in              ; 0 H/in                  ; 0 F/in                  ; short         ; -                   ; open           ; open             ; open   ; 0 in             ; 0 H/in                 ; 0 F/in                 ; short        ; open          ; open            ; open  ; 0 V                 ; -                  ; n/a           ; n/a             ; n/a         ;
; ~ALTERA_DCLK~ ; 2.5 V        ; 0 in              ; 0 H/in                  ; 0 F/in                  ; short         ; -                   ; open           ; open             ; open   ; 0 in             ; 0 H/in                 ; 0 F/in                 ; short        ; open          ; open            ; open  ; 0 V                 ; -                  ; n/a           ; n/a             ; n/a         ;
; ~ALTERA_nCEO~ ; 2.5 V        ; 0 in              ; 0 H/in                  ; 0 F/in                  ; short         ; -                   ; open           ; open             ; open   ; 0 in             ; 0 H/in                 ; 0 F/in                 ; short        ; open          ; open            ; open  ; 0 V                 ; -                  ; n/a           ; n/a             ; n/a         ;
+---------------+--------------+-------------------+-------------------------+-------------------------+---------------+---------------------+----------------+------------------+--------+------------------+------------------------+------------------------+--------------+---------------+-----------------+-------+---------------------+--------------------+---------------+-----------------+-------------+


+----------------------------------------------------------------------------+
; Input Transition Times                                                     ;
+-------------------------+--------------+-----------------+-----------------+
; Pin                     ; I/O Standard ; 10-90 Rise Time ; 90-10 Fall Time ;
+-------------------------+--------------+-----------------+-----------------+
; input1[0]               ; 2.5 V        ; 2000 ps         ; 2000 ps         ;
; input2[0]               ; 2.5 V        ; 2000 ps         ; 2000 ps         ;
; carry_in                ; 2.5 V        ; 2000 ps         ; 2000 ps         ;
; input2[1]               ; 2.5 V        ; 2000 ps         ; 2000 ps         ;
; input1[1]               ; 2.5 V        ; 2000 ps         ; 2000 ps         ;
; input1[2]               ; 2.5 V        ; 2000 ps         ; 2000 ps         ;
; input2[2]               ; 2.5 V        ; 2000 ps         ; 2000 ps         ;
; input1[3]               ; 2.5 V        ; 2000 ps         ; 2000 ps         ;
; input2[3]               ; 2.5 V        ; 2000 ps         ; 2000 ps         ;
; ~ALTERA_ASDO_DATA1~     ; 2.5 V        ; 2000 ps         ; 2000 ps         ;
; ~ALTERA_FLASH_nCE_nCSO~ ; 2.5 V        ; 2000 ps         ; 2000 ps         ;
; ~ALTERA_DATA0~          ; 2.5 V        ; 2000 ps         ; 2000 ps         ;
+-------------------------+--------------+-----------------+-----------------+


+--------------------------------------------------------------------------------------------------------------------------------------------------------------------------------------------------------------------------------------------------------------------------------------------------------------------------------------------------------------------------------------------------------------------------------------------------------------------------------------------------------------------------------------------------------------------------------------------------------------------------------------------------------------------------------------------+
; Slow Corner Signal Integrity Metrics                                                                                                                                                                                                                                                                                                                                                                                                                                                                                                                                                                                                                                                       ;
+---------------+--------------+---------------------+---------------------+------------------------------+------------------------------+---------------------+---------------------+--------------------------------------+--------------------------------------+-----------------------------+-----------------------------+----------------------------+----------------------------+-----------------------------+-----------------------------+--------------------+--------------------+-------------------------------------+-------------------------------------+----------------------------+----------------------------+---------------------------+---------------------------+
; Pin           ; I/O Standard ; Board Delay on Rise ; Board Delay on Fall ; Steady State Voh at FPGA Pin ; Steady State Vol at FPGA Pin ; Voh Max at FPGA Pin ; Vol Min at FPGA Pin ; Ringback Voltage on Rise at FPGA Pin ; Ringback Voltage on Fall at FPGA Pin ; 10-90 Rise Time at FPGA Pin ; 90-10 Fall Time at FPGA Pin ; Monotonic Rise at FPGA Pin ; Monotonic Fall at FPGA Pin ; Steady State Voh at Far-end ; Steady State Vol at Far-end ; Voh Max at Far-end ; Vol Min at Far-end ; Ringback Voltage on Rise at Far-end ; Ringback Voltage on Fall at Far-end ; 10-90 Rise Time at Far-end ; 90-10 Fall Time at Far-end ; Monotonic Rise at Far-end ; Monotonic Fall at Far-end ;
+---------------+--------------+---------------------+---------------------+------------------------------+------------------------------+---------------------+---------------------+--------------------------------------+--------------------------------------+-----------------------------+-----------------------------+----------------------------+----------------------------+-----------------------------+-----------------------------+--------------------+--------------------+-------------------------------------+-------------------------------------+----------------------------+----------------------------+---------------------------+---------------------------+
; sum[0]        ; 2.5 V        ; 0 s                 ; 0 s                 ; 2.32 V                       ; 7.25e-07 V                   ; 2.36 V              ; -0.00946 V          ; 0.111 V                              ; 0.027 V                              ; 6.46e-10 s                  ; 6.2e-10 s                   ; Yes                        ; Yes                        ; 2.32 V                      ; 7.25e-07 V                  ; 2.36 V             ; -0.00946 V         ; 0.111 V                             ; 0.027 V                             ; 6.46e-10 s                 ; 6.2e-10 s                  ; Yes                       ; Yes                       ;
; sum[1]        ; 2.5 V        ; 0 s                 ; 0 s                 ; 2.32 V                       ; 7.25e-07 V                   ; 2.36 V              ; -0.00946 V          ; 0.111 V                              ; 0.027 V                              ; 6.46e-10 s                  ; 6.2e-10 s                   ; Yes                        ; Yes                        ; 2.32 V                      ; 7.25e-07 V                  ; 2.36 V             ; -0.00946 V         ; 0.111 V                             ; 0.027 V                             ; 6.46e-10 s                 ; 6.2e-10 s                  ; Yes                       ; Yes                       ;
; sum[2]        ; 2.5 V        ; 0 s                 ; 0 s                 ; 2.32 V                       ; 7.25e-07 V                   ; 2.35 V              ; -0.0111 V           ; 0.113 V                              ; 0.035 V                              ; 7.76e-10 s                  ; 8.04e-10 s                  ; Yes                        ; Yes                        ; 2.32 V                      ; 7.25e-07 V                  ; 2.35 V             ; -0.0111 V          ; 0.113 V                             ; 0.035 V                             ; 7.76e-10 s                 ; 8.04e-10 s                 ; Yes                       ; Yes                       ;
; sum[3]        ; 2.5 V        ; 0 s                 ; 0 s                 ; 2.32 V                       ; 7.25e-07 V                   ; 2.35 V              ; -0.0111 V           ; 0.113 V                              ; 0.035 V                              ; 7.76e-10 s                  ; 8.04e-10 s                  ; Yes                        ; Yes                        ; 2.32 V                      ; 7.25e-07 V                  ; 2.35 V             ; -0.0111 V          ; 0.113 V                             ; 0.035 V                             ; 7.76e-10 s                 ; 8.04e-10 s                 ; Yes                       ; Yes                       ;
; carry_out     ; 2.5 V        ; 0 s                 ; 0 s                 ; 2.32 V                       ; 1.08e-06 V                   ; 2.36 V              ; -0.0113 V           ; 0.122 V                              ; 0.022 V                              ; 4.5e-10 s                   ; 4.45e-10 s                  ; Yes                        ; Yes                        ; 2.32 V                      ; 1.08e-06 V                  ; 2.36 V             ; -0.0113 V          ; 0.122 V                             ; 0.022 V                             ; 4.5e-10 s                  ; 4.45e-10 s                 ; Yes                       ; Yes                       ;
; D0[0]         ; 2.5 V        ; 0 s                 ; 0 s                 ; 2.32 V                       ; 1.08e-06 V                   ; 2.36 V              ; -0.0113 V           ; 0.122 V                              ; 0.022 V                              ; 4.5e-10 s                   ; 4.45e-10 s                  ; Yes                        ; Yes                        ; 2.32 V                      ; 1.08e-06 V                  ; 2.36 V             ; -0.0113 V          ; 0.122 V                             ; 0.022 V                             ; 4.5e-10 s                  ; 4.45e-10 s                 ; Yes                       ; Yes                       ;
; D0[1]         ; 2.5 V        ; 0 s                 ; 0 s                 ; 2.32 V                       ; 1.08e-06 V                   ; 2.36 V              ; -0.0113 V           ; 0.122 V                              ; 0.022 V                              ; 4.5e-10 s                   ; 4.45e-10 s                  ; Yes                        ; Yes                        ; 2.32 V                      ; 1.08e-06 V                  ; 2.36 V             ; -0.0113 V          ; 0.122 V                             ; 0.022 V                             ; 4.5e-10 s                  ; 4.45e-10 s                 ; Yes                       ; Yes                       ;
; D0[2]         ; 2.5 V        ; 0 s                 ; 0 s                 ; 2.32 V                       ; 1.08e-06 V                   ; 2.36 V              ; -0.0113 V           ; 0.122 V                              ; 0.022 V                              ; 4.5e-10 s                   ; 4.45e-10 s                  ; Yes                        ; Yes                        ; 2.32 V                      ; 1.08e-06 V                  ; 2.36 V             ; -0.0113 V          ; 0.122 V                             ; 0.022 V                             ; 4.5e-10 s                  ; 4.45e-10 s                 ; Yes                       ; Yes                       ;
; D0[3]         ; 2.5 V        ; 0 s                 ; 0 s                 ; 2.32 V                       ; 1.08e-06 V                   ; 2.36 V              ; -0.0113 V           ; 0.122 V                              ; 0.022 V                              ; 4.5e-10 s                   ; 4.45e-10 s                  ; Yes                        ; Yes                        ; 2.32 V                      ; 1.08e-06 V                  ; 2.36 V             ; -0.0113 V          ; 0.122 V                             ; 0.022 V                             ; 4.5e-10 s                  ; 4.45e-10 s                 ; Yes                       ; Yes                       ;
; D0[4]         ; 2.5 V        ; 0 s                 ; 0 s                 ; 2.32 V                       ; 1.08e-06 V                   ; 2.36 V              ; -0.0113 V           ; 0.122 V                              ; 0.022 V                              ; 4.5e-10 s                   ; 4.45e-10 s                  ; Yes                        ; Yes                        ; 2.32 V                      ; 1.08e-06 V                  ; 2.36 V             ; -0.0113 V          ; 0.122 V                             ; 0.022 V                             ; 4.5e-10 s                  ; 4.45e-10 s                 ; Yes                       ; Yes                       ;
; D0[5]         ; 2.5 V        ; 0 s                 ; 0 s                 ; 2.32 V                       ; 1.08e-06 V                   ; 2.36 V              ; -0.0113 V           ; 0.122 V                              ; 0.022 V                              ; 4.5e-10 s                   ; 4.45e-10 s                  ; Yes                        ; Yes                        ; 2.32 V                      ; 1.08e-06 V                  ; 2.36 V             ; -0.0113 V          ; 0.122 V                             ; 0.022 V                             ; 4.5e-10 s                  ; 4.45e-10 s                 ; Yes                       ; Yes                       ;
; D0[6]         ; 2.5 V        ; 0 s                 ; 0 s                 ; 2.32 V                       ; 1.08e-06 V                   ; 2.36 V              ; -0.0113 V           ; 0.122 V                              ; 0.022 V                              ; 4.5e-10 s                   ; 4.45e-10 s                  ; Yes                        ; Yes                        ; 2.32 V                      ; 1.08e-06 V                  ; 2.36 V             ; -0.0113 V          ; 0.122 V                             ; 0.022 V                             ; 4.5e-10 s                  ; 4.45e-10 s                 ; Yes                       ; Yes                       ;
; ~ALTERA_DCLK~ ; 2.5 V        ; 0 s                 ; 0 s                 ; 2.32 V                       ; 5.68e-07 V                   ; 2.35 V              ; -0.0132 V           ; 0.2 V                                ; 0.027 V                              ; 5.26e-10 s                  ; 4.81e-10 s                  ; Yes                        ; Yes                        ; 2.32 V                      ; 5.68e-07 V                  ; 2.35 V             ; -0.0132 V          ; 0.2 V                               ; 0.027 V                             ; 5.26e-10 s                 ; 4.81e-10 s                 ; Yes                       ; Yes                       ;
; ~ALTERA_nCEO~ ; 2.5 V        ; 0 s                 ; 0 s                 ; 2.32 V                       ; 9.36e-07 V                   ; 2.35 V              ; -0.00444 V          ; 0.18 V                               ; 0.019 V                              ; 7.23e-10 s                  ; 9.82e-10 s                  ; Yes                        ; Yes                        ; 2.32 V                      ; 9.36e-07 V                  ; 2.35 V             ; -0.00444 V         ; 0.18 V                              ; 0.019 V                             ; 7.23e-10 s                 ; 9.82e-10 s                 ; Yes                       ; Yes                       ;
+---------------+--------------+---------------------+---------------------+------------------------------+------------------------------+---------------------+---------------------+--------------------------------------+--------------------------------------+-----------------------------+-----------------------------+----------------------------+----------------------------+-----------------------------+-----------------------------+--------------------+--------------------+-------------------------------------+-------------------------------------+----------------------------+----------------------------+---------------------------+---------------------------+


+--------------------------------------------------------------------------------------------------------------------------------------------------------------------------------------------------------------------------------------------------------------------------------------------------------------------------------------------------------------------------------------------------------------------------------------------------------------------------------------------------------------------------------------------------------------------------------------------------------------------------------------------------------------------------------------------+
; Fast Corner Signal Integrity Metrics                                                                                                                                                                                                                                                                                                                                                                                                                                                                                                                                                                                                                                                       ;
+---------------+--------------+---------------------+---------------------+------------------------------+------------------------------+---------------------+---------------------+--------------------------------------+--------------------------------------+-----------------------------+-----------------------------+----------------------------+----------------------------+-----------------------------+-----------------------------+--------------------+--------------------+-------------------------------------+-------------------------------------+----------------------------+----------------------------+---------------------------+---------------------------+
; Pin           ; I/O Standard ; Board Delay on Rise ; Board Delay on Fall ; Steady State Voh at FPGA Pin ; Steady State Vol at FPGA Pin ; Voh Max at FPGA Pin ; Vol Min at FPGA Pin ; Ringback Voltage on Rise at FPGA Pin ; Ringback Voltage on Fall at FPGA Pin ; 10-90 Rise Time at FPGA Pin ; 90-10 Fall Time at FPGA Pin ; Monotonic Rise at FPGA Pin ; Monotonic Fall at FPGA Pin ; Steady State Voh at Far-end ; Steady State Vol at Far-end ; Voh Max at Far-end ; Vol Min at Far-end ; Ringback Voltage on Rise at Far-end ; Ringback Voltage on Fall at Far-end ; 10-90 Rise Time at Far-end ; 90-10 Fall Time at Far-end ; Monotonic Rise at Far-end ; Monotonic Fall at Far-end ;
+---------------+--------------+---------------------+---------------------+------------------------------+------------------------------+---------------------+---------------------+--------------------------------------+--------------------------------------+-----------------------------+-----------------------------+----------------------------+----------------------------+-----------------------------+-----------------------------+--------------------+--------------------+-------------------------------------+-------------------------------------+----------------------------+----------------------------+---------------------------+---------------------------+
; sum[0]        ; 2.5 V        ; 0 s                 ; 0 s                 ; 2.62 V                       ; 2.78e-08 V                   ; 2.72 V              ; -0.0408 V           ; 0.163 V                              ; 0.075 V                              ; 4.51e-10 s                  ; 4.33e-10 s                  ; No                         ; Yes                        ; 2.62 V                      ; 2.78e-08 V                  ; 2.72 V             ; -0.0408 V          ; 0.163 V                             ; 0.075 V                             ; 4.51e-10 s                 ; 4.33e-10 s                 ; No                        ; Yes                       ;
; sum[1]        ; 2.5 V        ; 0 s                 ; 0 s                 ; 2.62 V                       ; 2.78e-08 V                   ; 2.72 V              ; -0.0408 V           ; 0.163 V                              ; 0.075 V                              ; 4.51e-10 s                  ; 4.33e-10 s                  ; No                         ; Yes                        ; 2.62 V                      ; 2.78e-08 V                  ; 2.72 V             ; -0.0408 V          ; 0.163 V                             ; 0.075 V                             ; 4.51e-10 s                 ; 4.33e-10 s                 ; No                        ; Yes                       ;
; sum[2]        ; 2.5 V        ; 0 s                 ; 0 s                 ; 2.62 V                       ; 2.78e-08 V                   ; 2.71 V              ; -0.0349 V           ; 0.253 V                              ; 0.069 V                              ; 4.96e-10 s                  ; 5.19e-10 s                  ; No                         ; Yes                        ; 2.62 V                      ; 2.78e-08 V                  ; 2.71 V             ; -0.0349 V          ; 0.253 V                             ; 0.069 V                             ; 4.96e-10 s                 ; 5.19e-10 s                 ; No                        ; Yes                       ;
; sum[3]        ; 2.5 V        ; 0 s                 ; 0 s                 ; 2.62 V                       ; 2.78e-08 V                   ; 2.71 V              ; -0.0349 V           ; 0.253 V                              ; 0.069 V                              ; 4.96e-10 s                  ; 5.19e-10 s                  ; No                         ; Yes                        ; 2.62 V                      ; 2.78e-08 V                  ; 2.71 V             ; -0.0349 V          ; 0.253 V                             ; 0.069 V                             ; 4.96e-10 s                 ; 5.19e-10 s                 ; No                        ; Yes                       ;
; carry_out     ; 2.5 V        ; 0 s                 ; 0 s                 ; 2.62 V                       ; 4.11e-08 V                   ; 2.73 V              ; -0.0566 V           ; 0.191 V                              ; 0.12 V                               ; 2.69e-10 s                  ; 2.76e-10 s                  ; Yes                        ; Yes                        ; 2.62 V                      ; 4.11e-08 V                  ; 2.73 V             ; -0.0566 V          ; 0.191 V                             ; 0.12 V                              ; 2.69e-10 s                 ; 2.76e-10 s                 ; Yes                       ; Yes                       ;
; D0[0]         ; 2.5 V        ; 0 s                 ; 0 s                 ; 2.62 V                       ; 4.11e-08 V                   ; 2.73 V              ; -0.0566 V           ; 0.191 V                              ; 0.12 V                               ; 2.69e-10 s                  ; 2.76e-10 s                  ; Yes                        ; Yes                        ; 2.62 V                      ; 4.11e-08 V                  ; 2.73 V             ; -0.0566 V          ; 0.191 V                             ; 0.12 V                              ; 2.69e-10 s                 ; 2.76e-10 s                 ; Yes                       ; Yes                       ;
; D0[1]         ; 2.5 V        ; 0 s                 ; 0 s                 ; 2.62 V                       ; 4.11e-08 V                   ; 2.73 V              ; -0.0566 V           ; 0.191 V                              ; 0.12 V                               ; 2.69e-10 s                  ; 2.76e-10 s                  ; Yes                        ; Yes                        ; 2.62 V                      ; 4.11e-08 V                  ; 2.73 V             ; -0.0566 V          ; 0.191 V                             ; 0.12 V                              ; 2.69e-10 s                 ; 2.76e-10 s                 ; Yes                       ; Yes                       ;
; D0[2]         ; 2.5 V        ; 0 s                 ; 0 s                 ; 2.62 V                       ; 4.11e-08 V                   ; 2.73 V              ; -0.0566 V           ; 0.191 V                              ; 0.12 V                               ; 2.69e-10 s                  ; 2.76e-10 s                  ; Yes                        ; Yes                        ; 2.62 V                      ; 4.11e-08 V                  ; 2.73 V             ; -0.0566 V          ; 0.191 V                             ; 0.12 V                              ; 2.69e-10 s                 ; 2.76e-10 s                 ; Yes                       ; Yes                       ;
; D0[3]         ; 2.5 V        ; 0 s                 ; 0 s                 ; 2.62 V                       ; 4.11e-08 V                   ; 2.73 V              ; -0.0566 V           ; 0.191 V                              ; 0.12 V                               ; 2.69e-10 s                  ; 2.76e-10 s                  ; Yes                        ; Yes                        ; 2.62 V                      ; 4.11e-08 V                  ; 2.73 V             ; -0.0566 V          ; 0.191 V                             ; 0.12 V                              ; 2.69e-10 s                 ; 2.76e-10 s                 ; Yes                       ; Yes                       ;
; D0[4]         ; 2.5 V        ; 0 s                 ; 0 s                 ; 2.62 V                       ; 4.11e-08 V                   ; 2.73 V              ; -0.0566 V           ; 0.191 V                              ; 0.12 V                               ; 2.69e-10 s                  ; 2.76e-10 s                  ; Yes                        ; Yes                        ; 2.62 V                      ; 4.11e-08 V                  ; 2.73 V             ; -0.0566 V          ; 0.191 V                             ; 0.12 V                              ; 2.69e-10 s                 ; 2.76e-10 s                 ; Yes                       ; Yes                       ;
; D0[5]         ; 2.5 V        ; 0 s                 ; 0 s                 ; 2.62 V                       ; 4.11e-08 V                   ; 2.73 V              ; -0.0566 V           ; 0.191 V                              ; 0.12 V                               ; 2.69e-10 s                  ; 2.76e-10 s                  ; Yes                        ; Yes                        ; 2.62 V                      ; 4.11e-08 V                  ; 2.73 V             ; -0.0566 V          ; 0.191 V                             ; 0.12 V                              ; 2.69e-10 s                 ; 2.76e-10 s                 ; Yes                       ; Yes                       ;
; D0[6]         ; 2.5 V        ; 0 s                 ; 0 s                 ; 2.62 V                       ; 4.11e-08 V                   ; 2.73 V              ; -0.0566 V           ; 0.191 V                              ; 0.12 V                               ; 2.69e-10 s                  ; 2.76e-10 s                  ; Yes                        ; Yes                        ; 2.62 V                      ; 4.11e-08 V                  ; 2.73 V             ; -0.0566 V          ; 0.191 V                             ; 0.12 V                              ; 2.69e-10 s                 ; 2.76e-10 s                 ; Yes                       ; Yes                       ;
; ~ALTERA_DCLK~ ; 2.5 V        ; 0 s                 ; 0 s                 ; 2.62 V                       ; 2.22e-08 V                   ; 2.72 V              ; -0.0747 V           ; 0.28 V                               ; 0.169 V                              ; 3.1e-10 s                   ; 3.01e-10 s                  ; No                         ; Yes                        ; 2.62 V                      ; 2.22e-08 V                  ; 2.72 V             ; -0.0747 V          ; 0.28 V                              ; 0.169 V                             ; 3.1e-10 s                  ; 3.01e-10 s                 ; No                        ; Yes                       ;
; ~ALTERA_nCEO~ ; 2.5 V        ; 0 s                 ; 0 s                 ; 2.62 V                       ; 3.53e-08 V                   ; 2.7 V               ; -0.0212 V           ; 0.204 V                              ; 0.049 V                              ; 4.85e-10 s                  ; 6.73e-10 s                  ; No                         ; Yes                        ; 2.62 V                      ; 3.53e-08 V                  ; 2.7 V              ; -0.0212 V          ; 0.204 V                             ; 0.049 V                             ; 4.85e-10 s                 ; 6.73e-10 s                 ; No                        ; Yes                       ;
+---------------+--------------+---------------------+---------------------+------------------------------+------------------------------+---------------------+---------------------+--------------------------------------+--------------------------------------+-----------------------------+-----------------------------+----------------------------+----------------------------+-----------------------------+-----------------------------+--------------------+--------------------+-------------------------------------+-------------------------------------+----------------------------+----------------------------+---------------------------+---------------------------+


-------------------
; Clock Transfers ;
-------------------
Nothing to report.


---------------
; Report TCCS ;
---------------
No dedicated SERDES Transmitter circuitry present in device or used in design


---------------
; Report RSKM ;
---------------
No non-DPA dedicated SERDES Receiver circuitry present in device or used in design


+------------------------------------------------+
; Unconstrained Paths                            ;
+---------------------------------+-------+------+
; Property                        ; Setup ; Hold ;
+---------------------------------+-------+------+
; Illegal Clocks                  ; 0     ; 0    ;
; Unconstrained Clocks            ; 0     ; 0    ;
; Unconstrained Input Ports       ; 9     ; 9    ;
; Unconstrained Input Port Paths  ; 96    ; 96   ;
; Unconstrained Output Ports      ; 12    ; 12   ;
; Unconstrained Output Port Paths ; 96    ; 96   ;
+---------------------------------+-------+------+


+------------------------------------+
; TimeQuest Timing Analyzer Messages ;
+------------------------------------+
Info: *******************************************************************
Info: Running Quartus II 64-Bit TimeQuest Timing Analyzer
    Info: Version 13.1.0 Build 162 10/23/2013 SJ Web Edition
    Info: Processing started: Mon Sep 22 18:50:05 2014
Info: Command: quartus_sta Decoder2 -c Decoder2
Info: qsta_default_script.tcl version: #1
Warning (20028): Parallel compilation is not licensed and has been disabled
Info (21077): Low junction temperature is 0 degrees C
Info (21077): High junction temperature is 85 degrees C
Critical Warning (332012): Synopsys Design Constraints File file not found: 'Decoder2.sdc'. A Synopsys Design Constraints File is required by the TimeQuest Timing Analyzer to get proper timing constraints. Without it, the Compiler will not properly optimize the design.
Info (332142): No user constrained base clocks found in the design. Calling "derive_clocks -period 1.0"
Info (332096): The command derive_clocks did not find any clocks to derive.  No clocks were created or changed.
Warning (332068): No clocks defined in design.
Info (332143): No user constrained clock uncertainty found in the design. Calling "derive_clock_uncertainty"
Info (332154): The derive_clock_uncertainty command did not apply clock uncertainty to any clock-to-clock transfers.
Info: Found TIMEQUEST_REPORT_SCRIPT_INCLUDE_DEFAULT_ANALYSIS = ON
Info (332159): No clocks to report
Info: Analyzing Slow 1200mV 85C Model
Info (332140): No fmax paths to report
Info (332140): No Setup paths to report
Info (332140): No Hold paths to report
Info (332140): No Recovery paths to report
Info (332140): No Removal paths to report
Info (332140): No Minimum Pulse Width paths to report
Info: Analyzing Slow 1200mV 0C Model
Info (334003): Started post-fitting delay annotation
Info (334004): Delay annotation completed successfully
Info (332142): No user constrained base clocks found in the design. Calling "derive_clocks -period 1.0"
Info (332096): The command derive_clocks did not find any clocks to derive.  No clocks were created or changed.
Warning (332068): No clocks defined in design.
Info (332154): The derive_clock_uncertainty command did not apply clock uncertainty to any clock-to-clock transfers.
Info (332140): No fmax paths to report
Info (332140): No Setup paths to report
Info (332140): No Hold paths to report
Info (332140): No Recovery paths to report
Info (332140): No Removal paths to report
Info (332140): No Minimum Pulse Width paths to report
Info: Analyzing Fast 1200mV 0C Model
Info (332142): No user constrained base clocks found in the design. Calling "derive_clocks -period 1.0"
Info (332096): The command derive_clocks did not find any clocks to derive.  No clocks were created or changed.
Warning (332068): No clocks defined in design.
Info (332154): The derive_clock_uncertainty command did not apply clock uncertainty to any clock-to-clock transfers.
Info (332140): No Setup paths to report
Info (332140): No Hold paths to report
Info (332140): No Recovery paths to report
Info (332140): No Removal paths to report
Info (332140): No Minimum Pulse Width paths to report
Info (332102): Design is not fully constrained for setup requirements
Info (332102): Design is not fully constrained for hold requirements
Info: Quartus II 64-Bit TimeQuest Timing Analyzer was successful. 0 errors, 5 warnings
    Info: Peak virtual memory: 470 megabytes
    Info: Processing ended: Mon Sep 22 18:50:11 2014
    Info: Elapsed time: 00:00:06
    Info: Total CPU time (on all processors): 00:00:05


